Copyright 1986-2020 Xilinx, Inc. All Rights Reserved.
---------------------------------------------------------------------------------------------------------------
| Tool Version : Vivado v.2020.2 (win64) Build 3064766 Wed Nov 18 09:12:45 MST 2020
| Date         : Tue May 19 18:38:44 2026
| Host         : DESKTOP-7G9QN4N running 64-bit major release  (build 9200)
| Command      : report_drc -file top_odmr_drc_opted.rpt -pb top_odmr_drc_opted.pb -rpx top_odmr_drc_opted.rpx
| Design       : top_odmr
| Device       : xc7z020clg400-2
| Speed File   : -2
| Design State : Synthesized
---------------------------------------------------------------------------------------------------------------

Report DRC

Table of Contents
-----------------
1. REPORT SUMMARY
2. REPORT DETAILS

1. REPORT SUMMARY
-----------------
            Netlist: netlist
          Floorplan: checkpoint_top_odmr
      Design limits: <entire design considered>
           Ruledeck: default
             Max violations: <unlimited>
             Violations found: 6
+---------+------------------+------------------------------------------------+------------+
| Rule    | Severity         | Description                                    | Violations |
+---------+------------------+------------------------------------------------+------------+
| NSTD-1  | Critical Warning | Unspecified I/O Standard                       | 1          |
| UCIO-1  | Critical Warning | Unconstrained Logical Port                     | 1          |
| IOCNT-1 | Warning          | Number of IOs                                  | 1          |
| PLIO-3  | Warning          | Placement Constraints Check for IO constraints | 2          |
| ZPS7-1  | Warning          | PS7 block required                             | 1          |
+---------+------------------+------------------------------------------------+------------+

2. REPORT DETAILS
-----------------
NSTD-1#1 Critical Warning
Unspecified I/O Standard  
142 out of 163 logical ports use I/O standard (IOSTANDARD) value 'DEFAULT', instead of a user assigned specific value. This may cause I/O contention or incompatibility with the board power or connectivity affecting performance, signal integrity or in extreme cases cause damage to the device or the components to which it is connected. To correct this violation, specify all I/O standards. This design will fail to generate a bitstream unless all logical ports have a user specified I/O standard value defined. To allow bitstream creation with unspecified I/O standard values (not recommended), use this command: set_property SEVERITY {Warning} [get_drc_checks NSTD-1].  NOTE: When using the Vivado Runs infrastructure (e.g. launch_runs Tcl command), add this command to a .tcl file and add that file as a pre-hook for write_bitstream step for the implementation run. Problem ports: s_axi_aclk, s_axi_araddr[31:0], s_axi_aresetn, s_axi_arready,
s_axi_arvalid, s_axi_awaddr[31:0], s_axi_awready, s_axi_awvalid,
s_axi_bresp[1:0], s_axi_bvalid, s_axi_rdata[31:0], s_axi_rresp[1:0],
s_axi_rvalid, s_axi_wdata[31:0], s_axi_wready
 (the first 15 of 16 listed).
Related violations: <none>

UCIO-1#1 Critical Warning
Unconstrained Logical Port  
146 out of 163 logical ports have no user assigned specific location constraint (LOC). This may cause I/O contention or incompatibility with the board power or connectivity affecting performance, signal integrity or in extreme cases cause damage to the device or the components to which it is connected. To correct this violation, specify all pin locations. This design will fail to generate a bitstream unless all logical ports have a user specified site LOC constraint defined.  To allow bitstream creation with unspecified pin locations (not recommended), use this command: set_property SEVERITY {Warning} [get_drc_checks UCIO-1].  NOTE: When using the Vivado Runs infrastructure (e.g. launch_runs Tcl command), add this command to a .tcl file and add that file as a pre-hook for write_bitstream step for the implementation run.  Problem ports: dds_data_out[10], dds_data_out[1], dds_data_out[6], dds_valid, s_axi_aclk,
s_axi_araddr[31:0], s_axi_aresetn, s_axi_arready, s_axi_arvalid,
s_axi_awaddr[31:0], s_axi_awready, s_axi_bresp[1:0], s_axi_rdata[31:0],
s_axi_rresp[1:0], s_axi_wdata[31:0] (the first 15 of 20 listed).
Related violations: <none>

IOCNT-1#1 Warning
Number of IOs  
The design contains 146 unplaced I/O ports while the target device, xc7z020clg400-2, has 87 remaining available user I/O pins. This DRC assumes that all ports which do not drive MGT pins should be placed on user I/O pins. To correct this issue:
1. Ensure you are targeting the correct device and package. Select a larger device or different package if necessary.
2. Check the top-level ports of the design to ensure the correct number of ports are specified.
3. Consider design changes to reduce the number of user I/O pins needed.

Related violations: <none>

PLIO-3#1 Warning
Placement Constraints Check for IO constraints  
Partially locked IO Bus is found. Following components of the IO Bus adc_data_in[15:0] are not locked:  adc_data_in[8]
Related violations: <none>

PLIO-3#2 Warning
Placement Constraints Check for IO constraints  
Partially locked IO Bus is found. Following components of the IO Bus dds_data_out[13:0] are not locked:  dds_data_out[10] dds_data_out[6] dds_data_out[1]
Related violations: <none>

ZPS7-1#1 Warning
PS7 block required  
The PS7 cell must be used in this Zynq design in order to enable correct default configuration.
Related violations: <none>


