Copyright 1986-2020 Xilinx, Inc. All Rights Reserved.
-------------------------------------------------------------------------------------------------------------------------------------
| Tool Version : Vivado v.2020.2 (win64) Build 3064766 Wed Nov 18 09:12:45 MST 2020
| Date         : Wed May 20 09:13:07 2026
| Host         : DESKTOP-7G9QN4N running 64-bit major release  (build 9200)
| Command      : report_timing_summary -file C:/Users/YXCOA/Desktop/lxb/NCS_project-main/08_vivado_projects/reports/synth_timing.rpt
| Design       : top_odmr
| Device       : 7z020-clg400
| Speed File   : -2  PRODUCTION 1.12 2019-11-22
-------------------------------------------------------------------------------------------------------------------------------------

Timing Summary Report

------------------------------------------------------------------------------------------------
| Timer Settings
| --------------
------------------------------------------------------------------------------------------------

  Enable Multi Corner Analysis               :  Yes
  Enable Pessimism Removal                   :  Yes
  Pessimism Removal Resolution               :  Nearest Common Node
  Enable Input Delay Default Clock           :  No
  Enable Preset / Clear Arcs                 :  No
  Disable Flight Delays                      :  No
  Ignore I/O Paths                           :  No
  Timing Early Launch at Borrowing Latches   :  No
  Borrow Time for Max Delay Exceptions       :  Yes
  Merge Timing Exceptions                    :  Yes

  Corner  Analyze    Analyze    
  Name    Max Paths  Min Paths  
  ------  ---------  ---------  
  Slow    Yes        Yes        
  Fast    Yes        Yes        



check_timing report

Table of Contents
-----------------
1. checking no_clock (0)
2. checking constant_clock (0)
3. checking pulse_width_clock (0)
4. checking unconstrained_internal_endpoints (0)
5. checking no_input_delay (6)
6. checking no_output_delay (18)
7. checking multiple_clock (0)
8. checking generated_clocks (0)
9. checking loops (0)
10. checking partial_input_delay (0)
11. checking partial_output_delay (0)
12. checking latch_loops (0)

1. checking no_clock (0)
------------------------
 There are 0 register/latch pins with no clock.


2. checking constant_clock (0)
------------------------------
 There are 0 register/latch pins with constant_clock.


3. checking pulse_width_clock (0)
---------------------------------
 There are 0 register/latch pins which need pulse_width check


4. checking unconstrained_internal_endpoints (0)
------------------------------------------------
 There are 0 pins that are not constrained for maximum delay.

 There are 0 pins that are not constrained for maximum delay due to constant clock.


5. checking no_input_delay (6)
------------------------------
 There is 1 input port with no input delay specified. (HIGH)

 There are 5 input ports with no input delay but user has a false path constraint. (MEDIUM)


6. checking no_output_delay (18)
--------------------------------
 There are 16 ports with no output delay specified. (HIGH)

 There are 2 ports with no output delay but user has a false path constraint (MEDIUM)

 There are 0 ports with no output delay but with a timing clock defined on it or propagating through it


7. checking multiple_clock (0)
------------------------------
 There are 0 register/latch pins with multiple clocks.


8. checking generated_clocks (0)
--------------------------------
 There are 0 generated clocks that are not connected to a clock source.


9. checking loops (0)
---------------------
 There are 0 combinational loops in the design.


10. checking partial_input_delay (0)
------------------------------------
 There are 0 input ports with partial input delay specified.


11. checking partial_output_delay (0)
-------------------------------------
 There are 0 ports with partial output delay specified.


12. checking latch_loops (0)
----------------------------
 There are 0 combinational latch loops in the design through latch input



------------------------------------------------------------------------------------------------
| Design Timing Summary
| ---------------------
------------------------------------------------------------------------------------------------

    WNS(ns)      TNS(ns)  TNS Failing Endpoints  TNS Total Endpoints      WHS(ns)      THS(ns)  THS Failing Endpoints  THS Total Endpoints     WPWS(ns)     TPWS(ns)  TPWS Failing Endpoints  TPWS Total Endpoints  
    -------      -------  ---------------------  -------------------      -------      -------  ---------------------  -------------------     --------     --------  ----------------------  --------------------  
     15.307        0.000                      0                  572        0.125        0.000                      0                  572        9.500        0.000                       0                   237  


All user specified timing constraints are met.


------------------------------------------------------------------------------------------------
| Clock Summary
| -------------
------------------------------------------------------------------------------------------------

Clock        Waveform(ns)         Period(ns)      Frequency(MHz)
-----        ------------         ----------      --------------
adc_clk_in   {0.000 50.000}       100.000         10.000          
sys_clk_50m  {0.000 10.000}       20.000          50.000          


------------------------------------------------------------------------------------------------
| Intra Clock Table
| -----------------
------------------------------------------------------------------------------------------------

Clock             WNS(ns)      TNS(ns)  TNS Failing Endpoints  TNS Total Endpoints      WHS(ns)      THS(ns)  THS Failing Endpoints  THS Total Endpoints     WPWS(ns)     TPWS(ns)  TPWS Failing Endpoints  TPWS Total Endpoints  
-----             -------      -------  ---------------------  -------------------      -------      -------  ---------------------  -------------------     --------     --------  ----------------------  --------------------  
sys_clk_50m        15.307        0.000                      0                  337        0.125        0.000                      0                  337        9.500        0.000                       0                   237  


------------------------------------------------------------------------------------------------
| Inter Clock Table
| -----------------
------------------------------------------------------------------------------------------------

From Clock    To Clock          WNS(ns)      TNS(ns)  TNS Failing Endpoints  TNS Total Endpoints      WHS(ns)      THS(ns)  THS Failing Endpoints  THS Total Endpoints  
----------    --------          -------      -------  ---------------------  -------------------      -------      -------  ---------------------  -------------------  


------------------------------------------------------------------------------------------------
| Other Path Groups Table
| -----------------------
------------------------------------------------------------------------------------------------

Path Group         From Clock         To Clock               WNS(ns)      TNS(ns)  TNS Failing Endpoints  TNS Total Endpoints      WHS(ns)      THS(ns)  THS Failing Endpoints  THS Total Endpoints  
----------         ----------         --------               -------      -------  ---------------------  -------------------      -------      -------  ---------------------  -------------------  
**async_default**  sys_clk_50m        sys_clk_50m             18.590        0.000                      0                  235        0.334        0.000                      0                  235  


------------------------------------------------------------------------------------------------
| Timing Details
| --------------
------------------------------------------------------------------------------------------------


---------------------------------------------------------------------------------------------------
From Clock:  sys_clk_50m
  To Clock:  sys_clk_50m

Setup :            0  Failing Endpoints,  Worst Slack       15.307ns,  Total Violation        0.000ns
Hold  :            0  Failing Endpoints,  Worst Slack        0.125ns,  Total Violation        0.000ns
PW    :            0  Failing Endpoints,  Worst Slack        9.500ns,  Total Violation        0.000ns
---------------------------------------------------------------------------------------------------


Max Delay Paths
--------------------------------------------------------------------------------------
Slack (MET) :             15.307ns  (required time - arrival time)
  Source:                 inst_scan_controller/next_freq_reg[6]/C
                            (rising edge-triggered cell FDCE clocked by sys_clk_50m  {rise@0.000ns fall@10.000ns period=20.000ns})
  Destination:            inst_scan_controller/next_freq_le_stop_reg/D
                            (rising edge-triggered cell FDCE clocked by sys_clk_50m  {rise@0.000ns fall@10.000ns period=20.000ns})
  Path Group:             sys_clk_50m
  Path Type:              Setup (Max at Slow Process Corner)
  Requirement:            20.000ns  (sys_clk_50m rise@20.000ns - sys_clk_50m rise@0.000ns)
  Data Path Delay:        4.556ns  (logic 2.459ns (53.973%)  route 2.097ns (46.027%))
  Logic Levels:           9  (CARRY4=7 LUT3=1 LUT5=1)
  Clock Path Skew:        -0.145ns (DCD - SCD + CPR)
    Destination Clock Delay (DCD):    2.493ns = ( 22.493 - 20.000 ) 
    Source Clock Delay      (SCD):    2.744ns
    Clock Pessimism Removal (CPR):    0.106ns
  Clock Uncertainty:      0.035ns  ((TSJ^2 + TIJ^2)^1/2 + DJ) / 2 + PE
    Total System Jitter     (TSJ):    0.071ns
    Total Input Jitter      (TIJ):    0.000ns
    Discrete Jitter          (DJ):    0.000ns
    Phase Error              (PE):    0.000ns

    Location             Delay type                Incr(ns)  Path(ns)    Netlist Resource(s)
  -------------------------------------------------------------------    -------------------
                         (clock sys_clk_50m rise edge)
                                                      0.000     0.000 r  
    U18                                               0.000     0.000 r  sys_clk_50m (IN)
                         net (fo=0)                   0.000     0.000    sys_clk_50m
    U18                  IBUF (Prop_ibuf_I_O)         1.429     1.429 r  sys_clk_50m_IBUF_inst/O
                         net (fo=2, unplaced)         0.646     2.075    sys_clk_50m_IBUF
                         BUFG (Prop_bufg_I_O)         0.085     2.160 r  sys_clk_50m_IBUF_BUFG_inst/O
                         net (fo=236, unplaced)       0.584     2.744    inst_scan_controller/CLK
                         FDCE                                         r  inst_scan_controller/next_freq_reg[6]/C
  -------------------------------------------------------------------    -------------------
                         FDCE (Prop_fdce_C_Q)         0.397     3.141 r  inst_scan_controller/next_freq_reg[6]/Q
                         net (fo=2, unplaced)         0.829     3.970    inst_scan_controller/next_freq_reg_n_0_[6]
                         CARRY4 (Prop_carry4_S[3]_CO[3])
                                                      0.546     4.516 r  inst_scan_controller/next_freq_plus_step_reg[6]_i_2/CO[3]
                         net (fo=1, unplaced)         0.008     4.524    inst_scan_controller/next_freq_plus_step_reg[6]_i_2_n_0
                         CARRY4 (Prop_carry4_CI_CO[3])
                                                      0.100     4.624 r  inst_scan_controller/next_freq_plus_step_reg[10]_i_2/CO[3]
                         net (fo=1, unplaced)         0.000     4.624    inst_scan_controller/next_freq_plus_step_reg[10]_i_2_n_0
                         CARRY4 (Prop_carry4_CI_CO[3])
                                                      0.100     4.724 r  inst_scan_controller/next_freq_plus_step_reg[14]_i_2/CO[3]
                         net (fo=1, unplaced)         0.000     4.724    inst_scan_controller/next_freq_plus_step_reg[14]_i_2_n_0
                         CARRY4 (Prop_carry4_CI_CO[3])
                                                      0.100     4.824 r  inst_scan_controller/next_freq_plus_step_reg[18]_i_2/CO[3]
                         net (fo=1, unplaced)         0.000     4.824    inst_scan_controller/next_freq_plus_step_reg[18]_i_2_n_0
                         CARRY4 (Prop_carry4_CI_CO[3])
                                                      0.100     4.924 r  inst_scan_controller/next_freq_plus_step_reg[22]_i_2/CO[3]
                         net (fo=1, unplaced)         0.000     4.924    inst_scan_controller/next_freq_plus_step_reg[22]_i_2_n_0
                         CARRY4 (Prop_carry4_CI_O[1])
                                                      0.269     5.193 f  inst_scan_controller/next_freq_plus_step_reg[26]_i_2/O[1]
                         net (fo=3, unplaced)         0.490     5.683    inst_scan_controller/in12[24]
                         LUT3 (Prop_lut3_I0_O)        0.265     5.948 r  inst_scan_controller/next_freq_le_stop_i_5/O
                         net (fo=1, unplaced)         0.000     5.948    inst_scan_controller/next_freq_le_stop_i_5_n_0
                         CARRY4 (Prop_carry4_DI[0]_CO[3])
                                                      0.477     6.425 r  inst_scan_controller/next_freq_le_stop_reg_i_2/CO[3]
                         net (fo=1, unplaced)         0.770     7.195    inst_scan_controller/next_freq_le_stop_reg_i_2_n_0
                         LUT5 (Prop_lut5_I3_O)        0.105     7.300 r  inst_scan_controller/next_freq_le_stop_i_1/O
                         net (fo=1, unplaced)         0.000     7.300    inst_scan_controller/next_freq_le_stop
                         FDCE                                         r  inst_scan_controller/next_freq_le_stop_reg/D
  -------------------------------------------------------------------    -------------------

                         (clock sys_clk_50m rise edge)
                                                     20.000    20.000 r  
    U18                                               0.000    20.000 r  sys_clk_50m (IN)
                         net (fo=0)                   0.000    20.000    sys_clk_50m
    U18                  IBUF (Prop_ibuf_I_O)         1.363    21.363 r  sys_clk_50m_IBUF_inst/O
                         net (fo=2, unplaced)         0.613    21.977    sys_clk_50m_IBUF
                         BUFG (Prop_bufg_I_O)         0.077    22.054 r  sys_clk_50m_IBUF_BUFG_inst/O
                         net (fo=236, unplaced)       0.439    22.493    inst_scan_controller/CLK
                         FDCE                                         r  inst_scan_controller/next_freq_le_stop_reg/C
                         clock pessimism              0.106    22.599    
                         clock uncertainty           -0.035    22.564    
                         FDCE (Setup_fdce_C_D)        0.043    22.607    inst_scan_controller/next_freq_le_stop_reg
  -------------------------------------------------------------------
                         required time                         22.607    
                         arrival time                          -7.300    
  -------------------------------------------------------------------
                         slack                                 15.307    





Min Delay Paths
--------------------------------------------------------------------------------------
Slack (MET) :             0.125ns  (arrival time - required time)
  Source:                 inst_scan_controller/dwell_cnt_reg[0]/C
                            (rising edge-triggered cell FDCE clocked by sys_clk_50m  {rise@0.000ns fall@10.000ns period=20.000ns})
  Destination:            inst_scan_controller/dwell_cnt_reg[0]/D
                            (rising edge-triggered cell FDCE clocked by sys_clk_50m  {rise@0.000ns fall@10.000ns period=20.000ns})
  Path Group:             sys_clk_50m
  Path Type:              Hold (Min at Fast Process Corner)
  Requirement:            0.000ns  (sys_clk_50m rise@0.000ns - sys_clk_50m rise@0.000ns)
  Data Path Delay:        0.369ns  (logic 0.245ns (66.311%)  route 0.124ns (33.689%))
  Logic Levels:           1  (LUT2=1)
  Clock Path Skew:        0.145ns (DCD - SCD - CPR)
    Destination Clock Delay (DCD):    1.079ns
    Source Clock Delay      (SCD):    0.726ns
    Clock Pessimism Removal (CPR):    0.208ns

    Location             Delay type                Incr(ns)  Path(ns)    Netlist Resource(s)
  -------------------------------------------------------------------    -------------------
                         (clock sys_clk_50m rise edge)
                                                      0.000     0.000 r  
    U18                                               0.000     0.000 r  sys_clk_50m (IN)
                         net (fo=0)                   0.000     0.000    sys_clk_50m
    U18                  IBUF (Prop_ibuf_I_O)         0.266     0.266 r  sys_clk_50m_IBUF_inst/O
                         net (fo=2, unplaced)         0.320     0.586    sys_clk_50m_IBUF
                         BUFG (Prop_bufg_I_O)         0.026     0.612 r  sys_clk_50m_IBUF_BUFG_inst/O
                         net (fo=236, unplaced)       0.114     0.726    inst_scan_controller/CLK
                         FDCE                                         r  inst_scan_controller/dwell_cnt_reg[0]/C
  -------------------------------------------------------------------    -------------------
                         FDCE (Prop_fdce_C_Q)         0.147     0.873 f  inst_scan_controller/dwell_cnt_reg[0]/Q
                         net (fo=2, unplaced)         0.124     0.998    inst_scan_controller/dwell_cnt_reg_n_0_[0]
                         LUT2 (Prop_lut2_I1_O)        0.098     1.096 r  inst_scan_controller/dwell_cnt[0]_i_1/O
                         net (fo=1, unplaced)         0.000     1.096    inst_scan_controller/dwell_cnt[0]_i_1_n_0
                         FDCE                                         r  inst_scan_controller/dwell_cnt_reg[0]/D
  -------------------------------------------------------------------    -------------------

                         (clock sys_clk_50m rise edge)
                                                      0.000     0.000 r  
    U18                                               0.000     0.000 r  sys_clk_50m (IN)
                         net (fo=0)                   0.000     0.000    sys_clk_50m
    U18                  IBUF (Prop_ibuf_I_O)         0.454     0.454 r  sys_clk_50m_IBUF_inst/O
                         net (fo=2, unplaced)         0.337     0.791    sys_clk_50m_IBUF
                         BUFG (Prop_bufg_I_O)         0.029     0.820 r  sys_clk_50m_IBUF_BUFG_inst/O
                         net (fo=236, unplaced)       0.259     1.079    inst_scan_controller/CLK
                         FDCE                                         r  inst_scan_controller/dwell_cnt_reg[0]/C
                         clock pessimism             -0.208     0.871    
                         FDCE (Hold_fdce_C_D)         0.099     0.970    inst_scan_controller/dwell_cnt_reg[0]
  -------------------------------------------------------------------
                         required time                         -0.970    
                         arrival time                           1.096    
  -------------------------------------------------------------------
                         slack                                  0.125    





Pulse Width Checks
--------------------------------------------------------------------------------------
Clock Name:         sys_clk_50m
Waveform(ns):       { 0.000 10.000 }
Period(ns):         20.000
Sources:            { sys_clk_50m }

Check Type        Corner  Lib Pin  Reference Pin  Required(ns)  Actual(ns)  Slack(ns)  Location  Pin
Min Period        n/a     BUFG/I   n/a            1.592         20.000      18.408               sys_clk_50m_IBUF_BUFG_inst/I
Low Pulse Width   Fast    FDCE/C   n/a            0.500         10.000      9.500                heartbeat_cnt_reg[0]/C
High Pulse Width  Slow    FDCE/C   n/a            0.500         10.000      9.500                heartbeat_cnt_reg[0]/C



---------------------------------------------------------------------------------------------------
Path Group:  **async_default**
From Clock:  sys_clk_50m
  To Clock:  sys_clk_50m

Setup :            0  Failing Endpoints,  Worst Slack       18.590ns,  Total Violation        0.000ns
Hold  :            0  Failing Endpoints,  Worst Slack        0.334ns,  Total Violation        0.000ns
---------------------------------------------------------------------------------------------------


Max Delay Paths
--------------------------------------------------------------------------------------
Slack (MET) :             18.590ns  (required time - arrival time)
  Source:                 rst_sync_reg/C
                            (rising edge-triggered cell FDPE clocked by sys_clk_50m  {rise@0.000ns fall@10.000ns period=20.000ns})
  Destination:            inst_scan_controller/FSM_onehot_state_reg[0]/PRE
                            (recovery check against rising-edge clock sys_clk_50m  {rise@0.000ns fall@10.000ns period=20.000ns})
  Path Group:             **async_default**
  Path Type:              Recovery (Max at Slow Process Corner)
  Requirement:            20.000ns  (sys_clk_50m rise@20.000ns - sys_clk_50m rise@0.000ns)
  Data Path Delay:        0.782ns  (logic 0.397ns (50.767%)  route 0.385ns (49.233%))
  Logic Levels:           0  
  Clock Path Skew:        -0.145ns (DCD - SCD + CPR)
    Destination Clock Delay (DCD):    2.493ns = ( 22.493 - 20.000 ) 
    Source Clock Delay      (SCD):    2.744ns
    Clock Pessimism Removal (CPR):    0.106ns
  Clock Uncertainty:      0.035ns  ((TSJ^2 + TIJ^2)^1/2 + DJ) / 2 + PE
    Total System Jitter     (TSJ):    0.071ns
    Total Input Jitter      (TIJ):    0.000ns
    Discrete Jitter          (DJ):    0.000ns
    Phase Error              (PE):    0.000ns

    Location             Delay type                Incr(ns)  Path(ns)    Netlist Resource(s)
  -------------------------------------------------------------------    -------------------
                         (clock sys_clk_50m rise edge)
                                                      0.000     0.000 r  
    U18                                               0.000     0.000 r  sys_clk_50m (IN)
                         net (fo=0)                   0.000     0.000    sys_clk_50m
    U18                  IBUF (Prop_ibuf_I_O)         1.429     1.429 r  sys_clk_50m_IBUF_inst/O
                         net (fo=2, unplaced)         0.646     2.075    sys_clk_50m_IBUF
                         BUFG (Prop_bufg_I_O)         0.085     2.160 r  sys_clk_50m_IBUF_BUFG_inst/O
                         net (fo=236, unplaced)       0.584     2.744    sys_clk_50m_IBUF_BUFG
                         FDPE                                         r  rst_sync_reg/C
  -------------------------------------------------------------------    -------------------
                         FDPE (Prop_fdpe_C_Q)         0.397     3.141 f  rst_sync_reg/Q
                         net (fo=235, unplaced)       0.385     3.526    inst_scan_controller/Q
                         FDPE                                         f  inst_scan_controller/FSM_onehot_state_reg[0]/PRE
  -------------------------------------------------------------------    -------------------

                         (clock sys_clk_50m rise edge)
                                                     20.000    20.000 r  
    U18                                               0.000    20.000 r  sys_clk_50m (IN)
                         net (fo=0)                   0.000    20.000    sys_clk_50m
    U18                  IBUF (Prop_ibuf_I_O)         1.363    21.363 r  sys_clk_50m_IBUF_inst/O
                         net (fo=2, unplaced)         0.613    21.977    sys_clk_50m_IBUF
                         BUFG (Prop_bufg_I_O)         0.077    22.054 r  sys_clk_50m_IBUF_BUFG_inst/O
                         net (fo=236, unplaced)       0.439    22.493    inst_scan_controller/CLK
                         FDPE                                         r  inst_scan_controller/FSM_onehot_state_reg[0]/C
                         clock pessimism              0.106    22.599    
                         clock uncertainty           -0.035    22.564    
                         FDPE (Recov_fdpe_C_PRE)     -0.448    22.116    inst_scan_controller/FSM_onehot_state_reg[0]
  -------------------------------------------------------------------
                         required time                         22.116    
                         arrival time                          -3.526    
  -------------------------------------------------------------------
                         slack                                 18.590    





Min Delay Paths
--------------------------------------------------------------------------------------
Slack (MET) :             0.334ns  (arrival time - required time)
  Source:                 rst_sync_reg/C
                            (rising edge-triggered cell FDPE clocked by sys_clk_50m  {rise@0.000ns fall@10.000ns period=20.000ns})
  Destination:            heartbeat_cnt_reg[0]/CLR
                            (removal check against rising-edge clock sys_clk_50m  {rise@0.000ns fall@10.000ns period=20.000ns})
  Path Group:             **async_default**
  Path Type:              Removal (Min at Fast Process Corner)
  Requirement:            0.000ns  (sys_clk_50m rise@0.000ns - sys_clk_50m rise@0.000ns)
  Data Path Delay:        0.338ns  (logic 0.147ns (43.501%)  route 0.191ns (56.499%))
  Logic Levels:           0  
  Clock Path Skew:        0.145ns (DCD - SCD - CPR)
    Destination Clock Delay (DCD):    1.079ns
    Source Clock Delay      (SCD):    0.726ns
    Clock Pessimism Removal (CPR):    0.208ns

    Location             Delay type                Incr(ns)  Path(ns)    Netlist Resource(s)
  -------------------------------------------------------------------    -------------------
                         (clock sys_clk_50m rise edge)
                                                      0.000     0.000 r  
    U18                                               0.000     0.000 r  sys_clk_50m (IN)
                         net (fo=0)                   0.000     0.000    sys_clk_50m
    U18                  IBUF (Prop_ibuf_I_O)         0.266     0.266 r  sys_clk_50m_IBUF_inst/O
                         net (fo=2, unplaced)         0.320     0.586    sys_clk_50m_IBUF
                         BUFG (Prop_bufg_I_O)         0.026     0.612 r  sys_clk_50m_IBUF_BUFG_inst/O
                         net (fo=236, unplaced)       0.114     0.726    sys_clk_50m_IBUF_BUFG
                         FDPE                                         r  rst_sync_reg/C
  -------------------------------------------------------------------    -------------------
                         FDPE (Prop_fdpe_C_Q)         0.147     0.873 f  rst_sync_reg/Q
                         net (fo=235, unplaced)       0.191     1.064    rst_sync
                         FDCE                                         f  heartbeat_cnt_reg[0]/CLR
  -------------------------------------------------------------------    -------------------

                         (clock sys_clk_50m rise edge)
                                                      0.000     0.000 r  
    U18                                               0.000     0.000 r  sys_clk_50m (IN)
                         net (fo=0)                   0.000     0.000    sys_clk_50m
    U18                  IBUF (Prop_ibuf_I_O)         0.454     0.454 r  sys_clk_50m_IBUF_inst/O
                         net (fo=2, unplaced)         0.337     0.791    sys_clk_50m_IBUF
                         BUFG (Prop_bufg_I_O)         0.029     0.820 r  sys_clk_50m_IBUF_BUFG_inst/O
                         net (fo=236, unplaced)       0.259     1.079    sys_clk_50m_IBUF_BUFG
                         FDCE                                         r  heartbeat_cnt_reg[0]/C
                         clock pessimism             -0.208     0.871    
                         FDCE (Remov_fdce_C_CLR)     -0.141     0.730    heartbeat_cnt_reg[0]
  -------------------------------------------------------------------
                         required time                         -0.730    
                         arrival time                           1.064    
  -------------------------------------------------------------------
                         slack                                  0.334    





