Copyright 1986-2020 Xilinx, Inc. All Rights Reserved.
---------------------------------------------------------------------------------------------------------------------------------------
| Tool Version : Vivado v.2020.2 (win64) Build 3064766 Wed Nov 18 09:12:45 MST 2020
| Date         : Wed May 20 14:16:27 2026
| Host         : DESKTOP-7G9QN4N running 64-bit major release  (build 9200)
| Command      : report_drc -file C:/Users/YXCOA/Desktop/lxb/NCS_project-main/08_vivado_projects/odmr_zynq7020/reports/impl_drc_m4.rpt
| Design       : odmr_block_design_wrapper
| Device       : xc7z020clg400-2
| Speed File   : -2
| Design State : Fully Routed
---------------------------------------------------------------------------------------------------------------------------------------

Report DRC

Table of Contents
-----------------
1. REPORT SUMMARY
2. REPORT DETAILS

1. REPORT SUMMARY
-----------------
            Netlist: netlist
          Floorplan: impl_1
      Design limits: <entire design considered>
           Ruledeck: default
             Max violations: <unlimited>
             Violations found: 41
+-----------+----------+----------------------------+------------+
| Rule      | Severity | Description                | Violations |
+-----------+----------+----------------------------+------------+
| CHECK-3   | Warning  | Report rule limit reached  | 1          |
| DPIP-1    | Warning  | Input pipelining           | 10         |
| DPOP-1    | Warning  | PREG Output pipelining     | 5          |
| DPOP-2    | Warning  | MREG Output pipelining     | 5          |
| REQP-1839 | Warning  | RAMB36 async control check | 20         |
+-----------+----------+----------------------------+------------+

2. REPORT DETAILS
-----------------
CHECK-3#1 Warning
Report rule limit reached  
REQP-1839 rule limit reached: 20 violations have been found.
Related violations: <none>

DPIP-1#1 Warning
Input pipelining  
DSP odmr_block_design_i/top_odmr_0/U0/inst_iir_lowpass/ARG input odmr_block_design_i/top_odmr_0/U0/inst_iir_lowpass/ARG/A[29:0] is not pipelined. Pipelining DSP48 input will improve performance.
Related violations: <none>

DPIP-1#2 Warning
Input pipelining  
DSP odmr_block_design_i/top_odmr_0/U0/inst_iir_lowpass/ARG input odmr_block_design_i/top_odmr_0/U0/inst_iir_lowpass/ARG/B[17:0] is not pipelined. Pipelining DSP48 input will improve performance.
Related violations: <none>

DPIP-1#3 Warning
Input pipelining  
DSP odmr_block_design_i/top_odmr_0/U0/inst_iir_lowpass/ARG__0 input odmr_block_design_i/top_odmr_0/U0/inst_iir_lowpass/ARG__0/A[29:0] is not pipelined. Pipelining DSP48 input will improve performance.
Related violations: <none>

DPIP-1#4 Warning
Input pipelining  
DSP odmr_block_design_i/top_odmr_0/U0/inst_iir_lowpass/ARG__0 input odmr_block_design_i/top_odmr_0/U0/inst_iir_lowpass/ARG__0/B[17:0] is not pipelined. Pipelining DSP48 input will improve performance.
Related violations: <none>

DPIP-1#5 Warning
Input pipelining  
DSP odmr_block_design_i/top_odmr_0/U0/inst_iir_lowpass/ARG__1 input odmr_block_design_i/top_odmr_0/U0/inst_iir_lowpass/ARG__1/A[29:0] is not pipelined. Pipelining DSP48 input will improve performance.
Related violations: <none>

DPIP-1#6 Warning
Input pipelining  
DSP odmr_block_design_i/top_odmr_0/U0/inst_iir_lowpass/ARG__1 input odmr_block_design_i/top_odmr_0/U0/inst_iir_lowpass/ARG__1/B[17:0] is not pipelined. Pipelining DSP48 input will improve performance.
Related violations: <none>

DPIP-1#7 Warning
Input pipelining  
DSP odmr_block_design_i/top_odmr_0/U0/inst_iir_lowpass/ARG__2 input odmr_block_design_i/top_odmr_0/U0/inst_iir_lowpass/ARG__2/A[29:0] is not pipelined. Pipelining DSP48 input will improve performance.
Related violations: <none>

DPIP-1#8 Warning
Input pipelining  
DSP odmr_block_design_i/top_odmr_0/U0/inst_iir_lowpass/ARG__2 input odmr_block_design_i/top_odmr_0/U0/inst_iir_lowpass/ARG__2/B[17:0] is not pipelined. Pipelining DSP48 input will improve performance.
Related violations: <none>

DPIP-1#9 Warning
Input pipelining  
DSP odmr_block_design_i/top_odmr_0/U0/inst_iir_lowpass/ARG__3 input odmr_block_design_i/top_odmr_0/U0/inst_iir_lowpass/ARG__3/A[29:0] is not pipelined. Pipelining DSP48 input will improve performance.
Related violations: <none>

DPIP-1#10 Warning
Input pipelining  
DSP odmr_block_design_i/top_odmr_0/U0/inst_iir_lowpass/ARG__3 input odmr_block_design_i/top_odmr_0/U0/inst_iir_lowpass/ARG__3/B[17:0] is not pipelined. Pipelining DSP48 input will improve performance.
Related violations: <none>

DPOP-1#1 Warning
PREG Output pipelining  
DSP odmr_block_design_i/top_odmr_0/U0/inst_iir_lowpass/ARG output odmr_block_design_i/top_odmr_0/U0/inst_iir_lowpass/ARG/P[47:0] is not pipelined (PREG=0). Pipelining the DSP48 output will improve performance and often saves power so it is suggested whenever possible to fully pipeline this function.  If this DSP48 function was inferred, it is suggested to describe an additional register stage after this function.  If the DSP48 was instantiated in the design, it is suggested to set the PREG attribute to 1.
Related violations: <none>

DPOP-1#2 Warning
PREG Output pipelining  
DSP odmr_block_design_i/top_odmr_0/U0/inst_iir_lowpass/ARG__0 output odmr_block_design_i/top_odmr_0/U0/inst_iir_lowpass/ARG__0/P[47:0] is not pipelined (PREG=0). Pipelining the DSP48 output will improve performance and often saves power so it is suggested whenever possible to fully pipeline this function.  If this DSP48 function was inferred, it is suggested to describe an additional register stage after this function.  If the DSP48 was instantiated in the design, it is suggested to set the PREG attribute to 1.
Related violations: <none>

DPOP-1#3 Warning
PREG Output pipelining  
DSP odmr_block_design_i/top_odmr_0/U0/inst_iir_lowpass/ARG__1 output odmr_block_design_i/top_odmr_0/U0/inst_iir_lowpass/ARG__1/P[47:0] is not pipelined (PREG=0). Pipelining the DSP48 output will improve performance and often saves power so it is suggested whenever possible to fully pipeline this function.  If this DSP48 function was inferred, it is suggested to describe an additional register stage after this function.  If the DSP48 was instantiated in the design, it is suggested to set the PREG attribute to 1.
Related violations: <none>

DPOP-1#4 Warning
PREG Output pipelining  
DSP odmr_block_design_i/top_odmr_0/U0/inst_iir_lowpass/ARG__2 output odmr_block_design_i/top_odmr_0/U0/inst_iir_lowpass/ARG__2/P[47:0] is not pipelined (PREG=0). Pipelining the DSP48 output will improve performance and often saves power so it is suggested whenever possible to fully pipeline this function.  If this DSP48 function was inferred, it is suggested to describe an additional register stage after this function.  If the DSP48 was instantiated in the design, it is suggested to set the PREG attribute to 1.
Related violations: <none>

DPOP-1#5 Warning
PREG Output pipelining  
DSP odmr_block_design_i/top_odmr_0/U0/inst_iir_lowpass/ARG__3 output odmr_block_design_i/top_odmr_0/U0/inst_iir_lowpass/ARG__3/P[47:0] is not pipelined (PREG=0). Pipelining the DSP48 output will improve performance and often saves power so it is suggested whenever possible to fully pipeline this function.  If this DSP48 function was inferred, it is suggested to describe an additional register stage after this function.  If the DSP48 was instantiated in the design, it is suggested to set the PREG attribute to 1.
Related violations: <none>

DPOP-2#1 Warning
MREG Output pipelining  
DSP odmr_block_design_i/top_odmr_0/U0/inst_iir_lowpass/ARG multiplier stage odmr_block_design_i/top_odmr_0/U0/inst_iir_lowpass/ARG/P[47:0] is not pipelined (MREG=0). Pipelining the multiplier function will improve performance and will save significant power so it is suggested whenever possible to fully pipeline this function.  If this multiplier was inferred, it is suggested to describe an additional register stage after this function.  If there is no registered adder/accumulator following the multiply function, two pipeline stages are suggested to allow both the MREG and PREG registers to be used.  If the DSP48 was instantiated in the design, it is suggested to set both the MREG and PREG attributes to 1 when performing multiply functions.
Related violations: <none>

DPOP-2#2 Warning
MREG Output pipelining  
DSP odmr_block_design_i/top_odmr_0/U0/inst_iir_lowpass/ARG__0 multiplier stage odmr_block_design_i/top_odmr_0/U0/inst_iir_lowpass/ARG__0/P[47:0] is not pipelined (MREG=0). Pipelining the multiplier function will improve performance and will save significant power so it is suggested whenever possible to fully pipeline this function.  If this multiplier was inferred, it is suggested to describe an additional register stage after this function.  If there is no registered adder/accumulator following the multiply function, two pipeline stages are suggested to allow both the MREG and PREG registers to be used.  If the DSP48 was instantiated in the design, it is suggested to set both the MREG and PREG attributes to 1 when performing multiply functions.
Related violations: <none>

DPOP-2#3 Warning
MREG Output pipelining  
DSP odmr_block_design_i/top_odmr_0/U0/inst_iir_lowpass/ARG__1 multiplier stage odmr_block_design_i/top_odmr_0/U0/inst_iir_lowpass/ARG__1/P[47:0] is not pipelined (MREG=0). Pipelining the multiplier function will improve performance and will save significant power so it is suggested whenever possible to fully pipeline this function.  If this multiplier was inferred, it is suggested to describe an additional register stage after this function.  If there is no registered adder/accumulator following the multiply function, two pipeline stages are suggested to allow both the MREG and PREG registers to be used.  If the DSP48 was instantiated in the design, it is suggested to set both the MREG and PREG attributes to 1 when performing multiply functions.
Related violations: <none>

DPOP-2#4 Warning
MREG Output pipelining  
DSP odmr_block_design_i/top_odmr_0/U0/inst_iir_lowpass/ARG__2 multiplier stage odmr_block_design_i/top_odmr_0/U0/inst_iir_lowpass/ARG__2/P[47:0] is not pipelined (MREG=0). Pipelining the multiplier function will improve performance and will save significant power so it is suggested whenever possible to fully pipeline this function.  If this multiplier was inferred, it is suggested to describe an additional register stage after this function.  If there is no registered adder/accumulator following the multiply function, two pipeline stages are suggested to allow both the MREG and PREG registers to be used.  If the DSP48 was instantiated in the design, it is suggested to set both the MREG and PREG attributes to 1 when performing multiply functions.
Related violations: <none>

DPOP-2#5 Warning
MREG Output pipelining  
DSP odmr_block_design_i/top_odmr_0/U0/inst_iir_lowpass/ARG__3 multiplier stage odmr_block_design_i/top_odmr_0/U0/inst_iir_lowpass/ARG__3/P[47:0] is not pipelined (MREG=0). Pipelining the multiplier function will improve performance and will save significant power so it is suggested whenever possible to fully pipeline this function.  If this multiplier was inferred, it is suggested to describe an additional register stage after this function.  If there is no registered adder/accumulator following the multiply function, two pipeline stages are suggested to allow both the MREG and PREG registers to be used.  If the DSP48 was instantiated in the design, it is suggested to set both the MREG and PREG attributes to 1 when performing multiply functions.
Related violations: <none>

REQP-1839#1 Warning
RAMB36 async control check  
The RAMB36E1 odmr_block_design_i/top_odmr_0/U0/inst_dds_generator/data_out_reg_0 has an input control pin odmr_block_design_i/top_odmr_0/U0/inst_dds_generator/data_out_reg_0/ADDRARDADDR[14] (net: odmr_block_design_i/top_odmr_0/U0/inst_dds_generator/sel[11]) which is driven by a register (odmr_block_design_i/top_odmr_0/U0/inst_dds_generator/phase_acc_reg[0]) that has an active asychronous set or reset. This may cause corruption of the memory contents and/or read values when the set/reset is asserted and is not analyzed by the default static timing analysis. It is suggested to eliminate the use of a set/reset to registers driving this RAMB pin or else use a synchronous reset in which the assertion of the reset is timed by default.
Related violations: <none>

REQP-1839#2 Warning
RAMB36 async control check  
The RAMB36E1 odmr_block_design_i/top_odmr_0/U0/inst_dds_generator/data_out_reg_0 has an input control pin odmr_block_design_i/top_odmr_0/U0/inst_dds_generator/data_out_reg_0/ADDRARDADDR[14] (net: odmr_block_design_i/top_odmr_0/U0/inst_dds_generator/sel[11]) which is driven by a register (odmr_block_design_i/top_odmr_0/U0/inst_dds_generator/phase_acc_reg[10]) that has an active asychronous set or reset. This may cause corruption of the memory contents and/or read values when the set/reset is asserted and is not analyzed by the default static timing analysis. It is suggested to eliminate the use of a set/reset to registers driving this RAMB pin or else use a synchronous reset in which the assertion of the reset is timed by default.
Related violations: <none>

REQP-1839#3 Warning
RAMB36 async control check  
The RAMB36E1 odmr_block_design_i/top_odmr_0/U0/inst_dds_generator/data_out_reg_0 has an input control pin odmr_block_design_i/top_odmr_0/U0/inst_dds_generator/data_out_reg_0/ADDRARDADDR[14] (net: odmr_block_design_i/top_odmr_0/U0/inst_dds_generator/sel[11]) which is driven by a register (odmr_block_design_i/top_odmr_0/U0/inst_dds_generator/phase_acc_reg[12]) that has an active asychronous set or reset. This may cause corruption of the memory contents and/or read values when the set/reset is asserted and is not analyzed by the default static timing analysis. It is suggested to eliminate the use of a set/reset to registers driving this RAMB pin or else use a synchronous reset in which the assertion of the reset is timed by default.
Related violations: <none>

REQP-1839#4 Warning
RAMB36 async control check  
The RAMB36E1 odmr_block_design_i/top_odmr_0/U0/inst_dds_generator/data_out_reg_0 has an input control pin odmr_block_design_i/top_odmr_0/U0/inst_dds_generator/data_out_reg_0/ADDRARDADDR[14] (net: odmr_block_design_i/top_odmr_0/U0/inst_dds_generator/sel[11]) which is driven by a register (odmr_block_design_i/top_odmr_0/U0/inst_dds_generator/phase_acc_reg[13]) that has an active asychronous set or reset. This may cause corruption of the memory contents and/or read values when the set/reset is asserted and is not analyzed by the default static timing analysis. It is suggested to eliminate the use of a set/reset to registers driving this RAMB pin or else use a synchronous reset in which the assertion of the reset is timed by default.
Related violations: <none>

REQP-1839#5 Warning
RAMB36 async control check  
The RAMB36E1 odmr_block_design_i/top_odmr_0/U0/inst_dds_generator/data_out_reg_0 has an input control pin odmr_block_design_i/top_odmr_0/U0/inst_dds_generator/data_out_reg_0/ADDRARDADDR[14] (net: odmr_block_design_i/top_odmr_0/U0/inst_dds_generator/sel[11]) which is driven by a register (odmr_block_design_i/top_odmr_0/U0/inst_dds_generator/phase_acc_reg[14]) that has an active asychronous set or reset. This may cause corruption of the memory contents and/or read values when the set/reset is asserted and is not analyzed by the default static timing analysis. It is suggested to eliminate the use of a set/reset to registers driving this RAMB pin or else use a synchronous reset in which the assertion of the reset is timed by default.
Related violations: <none>

REQP-1839#6 Warning
RAMB36 async control check  
The RAMB36E1 odmr_block_design_i/top_odmr_0/U0/inst_dds_generator/data_out_reg_0 has an input control pin odmr_block_design_i/top_odmr_0/U0/inst_dds_generator/data_out_reg_0/ADDRARDADDR[14] (net: odmr_block_design_i/top_odmr_0/U0/inst_dds_generator/sel[11]) which is driven by a register (odmr_block_design_i/top_odmr_0/U0/inst_dds_generator/phase_acc_reg[16]) that has an active asychronous set or reset. This may cause corruption of the memory contents and/or read values when the set/reset is asserted and is not analyzed by the default static timing analysis. It is suggested to eliminate the use of a set/reset to registers driving this RAMB pin or else use a synchronous reset in which the assertion of the reset is timed by default.
Related violations: <none>

REQP-1839#7 Warning
RAMB36 async control check  
The RAMB36E1 odmr_block_design_i/top_odmr_0/U0/inst_dds_generator/data_out_reg_0 has an input control pin odmr_block_design_i/top_odmr_0/U0/inst_dds_generator/data_out_reg_0/ADDRARDADDR[14] (net: odmr_block_design_i/top_odmr_0/U0/inst_dds_generator/sel[11]) which is driven by a register (odmr_block_design_i/top_odmr_0/U0/inst_dds_generator/phase_acc_reg[17]) that has an active asychronous set or reset. This may cause corruption of the memory contents and/or read values when the set/reset is asserted and is not analyzed by the default static timing analysis. It is suggested to eliminate the use of a set/reset to registers driving this RAMB pin or else use a synchronous reset in which the assertion of the reset is timed by default.
Related violations: <none>

REQP-1839#8 Warning
RAMB36 async control check  
The RAMB36E1 odmr_block_design_i/top_odmr_0/U0/inst_dds_generator/data_out_reg_0 has an input control pin odmr_block_design_i/top_odmr_0/U0/inst_dds_generator/data_out_reg_0/ADDRARDADDR[14] (net: odmr_block_design_i/top_odmr_0/U0/inst_dds_generator/sel[11]) which is driven by a register (odmr_block_design_i/top_odmr_0/U0/inst_dds_generator/phase_acc_reg[18]) that has an active asychronous set or reset. This may cause corruption of the memory contents and/or read values when the set/reset is asserted and is not analyzed by the default static timing analysis. It is suggested to eliminate the use of a set/reset to registers driving this RAMB pin or else use a synchronous reset in which the assertion of the reset is timed by default.
Related violations: <none>

REQP-1839#9 Warning
RAMB36 async control check  
The RAMB36E1 odmr_block_design_i/top_odmr_0/U0/inst_dds_generator/data_out_reg_0 has an input control pin odmr_block_design_i/top_odmr_0/U0/inst_dds_generator/data_out_reg_0/ADDRARDADDR[14] (net: odmr_block_design_i/top_odmr_0/U0/inst_dds_generator/sel[11]) which is driven by a register (odmr_block_design_i/top_odmr_0/U0/inst_dds_generator/phase_acc_reg[19]) that has an active asychronous set or reset. This may cause corruption of the memory contents and/or read values when the set/reset is asserted and is not analyzed by the default static timing analysis. It is suggested to eliminate the use of a set/reset to registers driving this RAMB pin or else use a synchronous reset in which the assertion of the reset is timed by default.
Related violations: <none>

REQP-1839#10 Warning
RAMB36 async control check  
The RAMB36E1 odmr_block_design_i/top_odmr_0/U0/inst_dds_generator/data_out_reg_0 has an input control pin odmr_block_design_i/top_odmr_0/U0/inst_dds_generator/data_out_reg_0/ADDRARDADDR[14] (net: odmr_block_design_i/top_odmr_0/U0/inst_dds_generator/sel[11]) which is driven by a register (odmr_block_design_i/top_odmr_0/U0/inst_dds_generator/phase_acc_reg[1]) that has an active asychronous set or reset. This may cause corruption of the memory contents and/or read values when the set/reset is asserted and is not analyzed by the default static timing analysis. It is suggested to eliminate the use of a set/reset to registers driving this RAMB pin or else use a synchronous reset in which the assertion of the reset is timed by default.
Related violations: <none>

REQP-1839#11 Warning
RAMB36 async control check  
The RAMB36E1 odmr_block_design_i/top_odmr_0/U0/inst_dds_generator/data_out_reg_0 has an input control pin odmr_block_design_i/top_odmr_0/U0/inst_dds_generator/data_out_reg_0/ADDRARDADDR[14] (net: odmr_block_design_i/top_odmr_0/U0/inst_dds_generator/sel[11]) which is driven by a register (odmr_block_design_i/top_odmr_0/U0/inst_dds_generator/phase_acc_reg[20]) that has an active asychronous set or reset. This may cause corruption of the memory contents and/or read values when the set/reset is asserted and is not analyzed by the default static timing analysis. It is suggested to eliminate the use of a set/reset to registers driving this RAMB pin or else use a synchronous reset in which the assertion of the reset is timed by default.
Related violations: <none>

REQP-1839#12 Warning
RAMB36 async control check  
The RAMB36E1 odmr_block_design_i/top_odmr_0/U0/inst_dds_generator/data_out_reg_0 has an input control pin odmr_block_design_i/top_odmr_0/U0/inst_dds_generator/data_out_reg_0/ADDRARDADDR[14] (net: odmr_block_design_i/top_odmr_0/U0/inst_dds_generator/sel[11]) which is driven by a register (odmr_block_design_i/top_odmr_0/U0/inst_dds_generator/phase_acc_reg[21]) that has an active asychronous set or reset. This may cause corruption of the memory contents and/or read values when the set/reset is asserted and is not analyzed by the default static timing analysis. It is suggested to eliminate the use of a set/reset to registers driving this RAMB pin or else use a synchronous reset in which the assertion of the reset is timed by default.
Related violations: <none>

REQP-1839#13 Warning
RAMB36 async control check  
The RAMB36E1 odmr_block_design_i/top_odmr_0/U0/inst_dds_generator/data_out_reg_0 has an input control pin odmr_block_design_i/top_odmr_0/U0/inst_dds_generator/data_out_reg_0/ADDRARDADDR[14] (net: odmr_block_design_i/top_odmr_0/U0/inst_dds_generator/sel[11]) which is driven by a register (odmr_block_design_i/top_odmr_0/U0/inst_dds_generator/phase_acc_reg[22]) that has an active asychronous set or reset. This may cause corruption of the memory contents and/or read values when the set/reset is asserted and is not analyzed by the default static timing analysis. It is suggested to eliminate the use of a set/reset to registers driving this RAMB pin or else use a synchronous reset in which the assertion of the reset is timed by default.
Related violations: <none>

REQP-1839#14 Warning
RAMB36 async control check  
The RAMB36E1 odmr_block_design_i/top_odmr_0/U0/inst_dds_generator/data_out_reg_0 has an input control pin odmr_block_design_i/top_odmr_0/U0/inst_dds_generator/data_out_reg_0/ADDRARDADDR[14] (net: odmr_block_design_i/top_odmr_0/U0/inst_dds_generator/sel[11]) which is driven by a register (odmr_block_design_i/top_odmr_0/U0/inst_dds_generator/phase_acc_reg[23]) that has an active asychronous set or reset. This may cause corruption of the memory contents and/or read values when the set/reset is asserted and is not analyzed by the default static timing analysis. It is suggested to eliminate the use of a set/reset to registers driving this RAMB pin or else use a synchronous reset in which the assertion of the reset is timed by default.
Related violations: <none>

REQP-1839#15 Warning
RAMB36 async control check  
The RAMB36E1 odmr_block_design_i/top_odmr_0/U0/inst_dds_generator/data_out_reg_0 has an input control pin odmr_block_design_i/top_odmr_0/U0/inst_dds_generator/data_out_reg_0/ADDRARDADDR[14] (net: odmr_block_design_i/top_odmr_0/U0/inst_dds_generator/sel[11]) which is driven by a register (odmr_block_design_i/top_odmr_0/U0/inst_dds_generator/phase_acc_reg[25]) that has an active asychronous set or reset. This may cause corruption of the memory contents and/or read values when the set/reset is asserted and is not analyzed by the default static timing analysis. It is suggested to eliminate the use of a set/reset to registers driving this RAMB pin or else use a synchronous reset in which the assertion of the reset is timed by default.
Related violations: <none>

REQP-1839#16 Warning
RAMB36 async control check  
The RAMB36E1 odmr_block_design_i/top_odmr_0/U0/inst_dds_generator/data_out_reg_0 has an input control pin odmr_block_design_i/top_odmr_0/U0/inst_dds_generator/data_out_reg_0/ADDRARDADDR[14] (net: odmr_block_design_i/top_odmr_0/U0/inst_dds_generator/sel[11]) which is driven by a register (odmr_block_design_i/top_odmr_0/U0/inst_dds_generator/phase_acc_reg[3]) that has an active asychronous set or reset. This may cause corruption of the memory contents and/or read values when the set/reset is asserted and is not analyzed by the default static timing analysis. It is suggested to eliminate the use of a set/reset to registers driving this RAMB pin or else use a synchronous reset in which the assertion of the reset is timed by default.
Related violations: <none>

REQP-1839#17 Warning
RAMB36 async control check  
The RAMB36E1 odmr_block_design_i/top_odmr_0/U0/inst_dds_generator/data_out_reg_0 has an input control pin odmr_block_design_i/top_odmr_0/U0/inst_dds_generator/data_out_reg_0/ADDRARDADDR[14] (net: odmr_block_design_i/top_odmr_0/U0/inst_dds_generator/sel[11]) which is driven by a register (odmr_block_design_i/top_odmr_0/U0/inst_dds_generator/phase_acc_reg[4]) that has an active asychronous set or reset. This may cause corruption of the memory contents and/or read values when the set/reset is asserted and is not analyzed by the default static timing analysis. It is suggested to eliminate the use of a set/reset to registers driving this RAMB pin or else use a synchronous reset in which the assertion of the reset is timed by default.
Related violations: <none>

REQP-1839#18 Warning
RAMB36 async control check  
The RAMB36E1 odmr_block_design_i/top_odmr_0/U0/inst_dds_generator/data_out_reg_0 has an input control pin odmr_block_design_i/top_odmr_0/U0/inst_dds_generator/data_out_reg_0/ADDRARDADDR[14] (net: odmr_block_design_i/top_odmr_0/U0/inst_dds_generator/sel[11]) which is driven by a register (odmr_block_design_i/top_odmr_0/U0/inst_dds_generator/phase_acc_reg[5]) that has an active asychronous set or reset. This may cause corruption of the memory contents and/or read values when the set/reset is asserted and is not analyzed by the default static timing analysis. It is suggested to eliminate the use of a set/reset to registers driving this RAMB pin or else use a synchronous reset in which the assertion of the reset is timed by default.
Related violations: <none>

REQP-1839#19 Warning
RAMB36 async control check  
The RAMB36E1 odmr_block_design_i/top_odmr_0/U0/inst_dds_generator/data_out_reg_0 has an input control pin odmr_block_design_i/top_odmr_0/U0/inst_dds_generator/data_out_reg_0/ADDRARDADDR[14] (net: odmr_block_design_i/top_odmr_0/U0/inst_dds_generator/sel[11]) which is driven by a register (odmr_block_design_i/top_odmr_0/U0/inst_dds_generator/phase_acc_reg[6]) that has an active asychronous set or reset. This may cause corruption of the memory contents and/or read values when the set/reset is asserted and is not analyzed by the default static timing analysis. It is suggested to eliminate the use of a set/reset to registers driving this RAMB pin or else use a synchronous reset in which the assertion of the reset is timed by default.
Related violations: <none>

REQP-1839#20 Warning
RAMB36 async control check  
The RAMB36E1 odmr_block_design_i/top_odmr_0/U0/inst_dds_generator/data_out_reg_0 has an input control pin odmr_block_design_i/top_odmr_0/U0/inst_dds_generator/data_out_reg_0/ADDRARDADDR[14] (net: odmr_block_design_i/top_odmr_0/U0/inst_dds_generator/sel[11]) which is driven by a register (odmr_block_design_i/top_odmr_0/U0/inst_dds_generator/phase_acc_reg[7]) that has an active asychronous set or reset. This may cause corruption of the memory contents and/or read values when the set/reset is asserted and is not analyzed by the default static timing analysis. It is suggested to eliminate the use of a set/reset to registers driving this RAMB pin or else use a synchronous reset in which the assertion of the reset is timed by default.
Related violations: <none>


