Copyright 1986-2020 Xilinx, Inc. All Rights Reserved.
------------------------------------------------------------------------------------------------------------------------------------------------------
| Tool Version : Vivado v.2020.2 (win64) Build 3064766 Wed Nov 18 09:12:45 MST 2020
| Date         : Wed May 20 14:11:14 2026
| Host         : DESKTOP-7G9QN4N running 64-bit major release  (build 9200)
| Command      : report_timing_summary -file C:/Users/YXCOA/Desktop/lxb/NCS_project-main/08_vivado_projects/odmr_zynq7020/reports/synth_timing_m4.rpt
| Design       : odmr_block_design_wrapper
| Device       : 7z020-clg400
| Speed File   : -2  PRODUCTION 1.12 2019-11-22
------------------------------------------------------------------------------------------------------------------------------------------------------

Timing Summary Report

------------------------------------------------------------------------------------------------
| Timer Settings
| --------------
------------------------------------------------------------------------------------------------

  Enable Multi Corner Analysis               :  Yes
  Enable Pessimism Removal                   :  Yes
  Pessimism Removal Resolution               :  Nearest Common Node
  Enable Input Delay Default Clock           :  No
  Enable Preset / Clear Arcs                 :  No
  Disable Flight Delays                      :  No
  Ignore I/O Paths                           :  No
  Timing Early Launch at Borrowing Latches   :  No
  Borrow Time for Max Delay Exceptions       :  Yes
  Merge Timing Exceptions                    :  Yes

  Corner  Analyze    Analyze    
  Name    Max Paths  Min Paths  
  ------  ---------  ---------  
  Slow    Yes        Yes        
  Fast    Yes        Yes        



check_timing report

Table of Contents
-----------------
1. checking no_clock (0)
2. checking constant_clock (0)
3. checking pulse_width_clock (0)
4. checking unconstrained_internal_endpoints (0)
5. checking no_input_delay (1)
6. checking no_output_delay (20)
7. checking multiple_clock (0)
8. checking generated_clocks (0)
9. checking loops (0)
10. checking partial_input_delay (0)
11. checking partial_output_delay (0)
12. checking latch_loops (0)

1. checking no_clock (0)
------------------------
 There are 0 register/latch pins with no clock.


2. checking constant_clock (0)
------------------------------
 There are 0 register/latch pins with constant_clock.


3. checking pulse_width_clock (0)
---------------------------------
 There are 0 register/latch pins which need pulse_width check


4. checking unconstrained_internal_endpoints (0)
------------------------------------------------
 There are 0 pins that are not constrained for maximum delay.

 There are 0 pins that are not constrained for maximum delay due to constant clock.


5. checking no_input_delay (1)
------------------------------
 There is 1 input port with no input delay specified. (HIGH)

 There are 0 input ports with no input delay but user has a false path constraint.


6. checking no_output_delay (20)
--------------------------------
 There are 16 ports with no output delay specified. (HIGH)

 There are 4 ports with no output delay but user has a false path constraint (MEDIUM)

 There are 0 ports with no output delay but with a timing clock defined on it or propagating through it


7. checking multiple_clock (0)
------------------------------
 There are 0 register/latch pins with multiple clocks.


8. checking generated_clocks (0)
--------------------------------
 There are 0 generated clocks that are not connected to a clock source.


9. checking loops (0)
---------------------
 There are 0 combinational loops in the design.


10. checking partial_input_delay (0)
------------------------------------
 There are 0 input ports with partial input delay specified.


11. checking partial_output_delay (0)
-------------------------------------
 There are 0 ports with partial output delay specified.


12. checking latch_loops (0)
----------------------------
 There are 0 combinational latch loops in the design through latch input



------------------------------------------------------------------------------------------------
| Design Timing Summary
| ---------------------
------------------------------------------------------------------------------------------------

    WNS(ns)      TNS(ns)  TNS Failing Endpoints  TNS Total Endpoints      WHS(ns)      THS(ns)  THS Failing Endpoints  THS Total Endpoints     WPWS(ns)     TPWS(ns)  TPWS Failing Endpoints  TPWS Total Endpoints  
    -------      -------  ---------------------  -------------------      -------      -------  ---------------------  -------------------     --------     --------  ----------------------  --------------------  
     11.030        0.000                      0                 5109        0.080        0.000                      0                 5109        9.146        0.000                       0                  2042  


All user specified timing constraints are met.


------------------------------------------------------------------------------------------------
| Clock Summary
| -------------
------------------------------------------------------------------------------------------------

Clock       Waveform(ns)         Period(ns)      Frequency(MHz)
-----       ------------         ----------      --------------
adc_clk_in  {0.000 50.000}       100.000         10.000          
clk_fpga_0  {0.000 10.000}       20.000          50.000          


------------------------------------------------------------------------------------------------
| Intra Clock Table
| -----------------
------------------------------------------------------------------------------------------------

Clock             WNS(ns)      TNS(ns)  TNS Failing Endpoints  TNS Total Endpoints      WHS(ns)      THS(ns)  THS Failing Endpoints  THS Total Endpoints     WPWS(ns)     TPWS(ns)  TPWS Failing Endpoints  TPWS Total Endpoints  
-----             -------      -------  ---------------------  -------------------      -------      -------  ---------------------  -------------------     --------     --------  ----------------------  --------------------  
adc_clk_in         91.454        0.000                      0                   20        0.138        0.000                      0                   20       49.500        0.000                       0                    20  
clk_fpga_0         11.030        0.000                      0                 3999        0.080        0.000                      0                 3999        9.146        0.000                       0                  2022  


------------------------------------------------------------------------------------------------
| Inter Clock Table
| -----------------
------------------------------------------------------------------------------------------------

From Clock    To Clock          WNS(ns)      TNS(ns)  TNS Failing Endpoints  TNS Total Endpoints      WHS(ns)      THS(ns)  THS Failing Endpoints  THS Total Endpoints  
----------    --------          -------      -------  ---------------------  -------------------      -------      -------  ---------------------  -------------------  


------------------------------------------------------------------------------------------------
| Other Path Groups Table
| -----------------------
------------------------------------------------------------------------------------------------

Path Group         From Clock         To Clock               WNS(ns)      TNS(ns)  TNS Failing Endpoints  TNS Total Endpoints      WHS(ns)      THS(ns)  THS Failing Endpoints  THS Total Endpoints  
----------         ----------         --------               -------      -------  ---------------------  -------------------      -------      -------  ---------------------  -------------------  
**async_default**  clk_fpga_0         clk_fpga_0              18.338        0.000                      0                 1090        0.343        0.000                      0                 1090  


------------------------------------------------------------------------------------------------
| Timing Details
| --------------
------------------------------------------------------------------------------------------------


---------------------------------------------------------------------------------------------------
From Clock:  adc_clk_in
  To Clock:  adc_clk_in

Setup :            0  Failing Endpoints,  Worst Slack       91.454ns,  Total Violation        0.000ns
Hold  :            0  Failing Endpoints,  Worst Slack        0.138ns,  Total Violation        0.000ns
PW    :            0  Failing Endpoints,  Worst Slack       49.500ns,  Total Violation        0.000ns
---------------------------------------------------------------------------------------------------


Max Delay Paths
--------------------------------------------------------------------------------------
Slack (MET) :             91.454ns  (required time - arrival time)
  Source:                 adc_data_in[0]
                            (input port clocked by adc_clk_in  {rise@0.000ns fall@50.000ns period=100.000ns})
  Destination:            odmr_block_design_i/top_odmr_0/U0/inst_adc_interface/adc_data_sync_reg[0]/D
                            (rising edge-triggered cell FDCE clocked by adc_clk_in  {rise@0.000ns fall@50.000ns period=100.000ns})
  Path Group:             adc_clk_in
  Path Type:              Setup (Max at Fast Process Corner)
  Requirement:            100.000ns  (adc_clk_in rise@100.000ns - adc_clk_in rise@0.000ns)
  Data Path Delay:        0.893ns  (logic 0.556ns (62.256%)  route 0.337ns (37.744%))
  Logic Levels:           1  (IBUF=1)
  Input Delay:            8.000ns
  Clock Path Skew:        0.385ns (DCD - SCD + CPR)
    Destination Clock Delay (DCD):    0.385ns = ( 100.385 - 100.000 ) 
    Source Clock Delay      (SCD):    0.000ns
    Clock Pessimism Removal (CPR):    0.000ns
  Clock Uncertainty:      0.035ns  ((TSJ^2 + TIJ^2)^1/2 + DJ) / 2 + PE
    Total System Jitter     (TSJ):    0.071ns
    Total Input Jitter      (TIJ):    0.000ns
    Discrete Jitter          (DJ):    0.000ns
    Phase Error              (PE):    0.000ns

    Location             Delay type                Incr(ns)  Path(ns)    Netlist Resource(s)
  -------------------------------------------------------------------    -------------------
                         (clock adc_clk_in rise edge)
                                                      0.000     0.000 r  
                         input delay                  8.000     8.000    
    W14                                               0.000     8.000 r  adc_data_in[0] (IN)
                         net (fo=0)                   0.000     8.000    adc_data_in[0]
    W14                  IBUF (Prop_ibuf_I_O)         0.556     8.556 r  adc_data_in_IBUF[0]_inst/O
                         net (fo=1, unplaced)         0.337     8.893    odmr_block_design_i/top_odmr_0/U0/inst_adc_interface/adc_data_in[0]
                         FDCE                                         r  odmr_block_design_i/top_odmr_0/U0/inst_adc_interface/adc_data_sync_reg[0]/D
  -------------------------------------------------------------------    -------------------

                         (clock adc_clk_in rise edge)
                                                    100.000   100.000 r  
    U19                                               0.000   100.000 r  adc_clk_in (IN)
                         net (fo=0)                   0.000   100.000    adc_clk_in
    U19                  IBUF (Prop_ibuf_I_O)         0.271   100.271 r  adc_clk_in_IBUF_inst/O
                         net (fo=20, unplaced)        0.114   100.385    odmr_block_design_i/top_odmr_0/U0/inst_adc_interface/adc_clk_in
                         FDCE                                         r  odmr_block_design_i/top_odmr_0/U0/inst_adc_interface/adc_data_sync_reg[0]/C
                         clock pessimism              0.000   100.385    
                         clock uncertainty           -0.035   100.349    
                         FDCE (Setup_fdce_C_D)       -0.003   100.346    odmr_block_design_i/top_odmr_0/U0/inst_adc_interface/adc_data_sync_reg[0]
  -------------------------------------------------------------------
                         required time                        100.346    
                         arrival time                          -8.893    
  -------------------------------------------------------------------
                         slack                                 91.454    





Min Delay Paths
--------------------------------------------------------------------------------------
Slack (MET) :             0.138ns  (arrival time - required time)
  Source:                 odmr_block_design_i/top_odmr_0/U0/inst_adc_interface/adc_ovr_sync_reg[0]/C
                            (rising edge-triggered cell FDCE clocked by adc_clk_in  {rise@0.000ns fall@50.000ns period=100.000ns})
  Destination:            odmr_block_design_i/top_odmr_0/U0/inst_adc_interface/adc_ovr_sync_reg[1]/D
                            (rising edge-triggered cell FDCE clocked by adc_clk_in  {rise@0.000ns fall@50.000ns period=100.000ns})
  Path Group:             adc_clk_in
  Path Type:              Hold (Min at Fast Process Corner)
  Requirement:            0.000ns  (adc_clk_in rise@0.000ns - adc_clk_in rise@0.000ns)
  Data Path Delay:        0.274ns  (logic 0.147ns (53.659%)  route 0.127ns (46.341%))
  Logic Levels:           0  
  Clock Path Skew:        0.145ns (DCD - SCD - CPR)
    Destination Clock Delay (DCD):    0.718ns
    Source Clock Delay      (SCD):    0.385ns
    Clock Pessimism Removal (CPR):    0.188ns

    Location             Delay type                Incr(ns)  Path(ns)    Netlist Resource(s)
  -------------------------------------------------------------------    -------------------
                         (clock adc_clk_in rise edge)
                                                      0.000     0.000 r  
    U19                                               0.000     0.000 r  adc_clk_in (IN)
                         net (fo=0)                   0.000     0.000    adc_clk_in
    U19                  IBUF (Prop_ibuf_I_O)         0.271     0.271 r  adc_clk_in_IBUF_inst/O
                         net (fo=20, unplaced)        0.114     0.385    odmr_block_design_i/top_odmr_0/U0/inst_adc_interface/adc_clk_in
                         FDCE                                         r  odmr_block_design_i/top_odmr_0/U0/inst_adc_interface/adc_ovr_sync_reg[0]/C
  -------------------------------------------------------------------    -------------------
                         FDCE (Prop_fdce_C_Q)         0.147     0.532 r  odmr_block_design_i/top_odmr_0/U0/inst_adc_interface/adc_ovr_sync_reg[0]/Q
                         net (fo=1, unplaced)         0.127     0.659    odmr_block_design_i/top_odmr_0/U0/inst_adc_interface/adc_ovr_sync_reg_n_0_[0]
                         FDCE                                         r  odmr_block_design_i/top_odmr_0/U0/inst_adc_interface/adc_ovr_sync_reg[1]/D
  -------------------------------------------------------------------    -------------------

                         (clock adc_clk_in rise edge)
                                                      0.000     0.000 r  
    U19                                               0.000     0.000 r  adc_clk_in (IN)
                         net (fo=0)                   0.000     0.000    adc_clk_in
    U19                  IBUF (Prop_ibuf_I_O)         0.459     0.459 r  adc_clk_in_IBUF_inst/O
                         net (fo=20, unplaced)        0.259     0.718    odmr_block_design_i/top_odmr_0/U0/inst_adc_interface/adc_clk_in
                         FDCE                                         r  odmr_block_design_i/top_odmr_0/U0/inst_adc_interface/adc_ovr_sync_reg[1]/C
                         clock pessimism             -0.188     0.530    
                         FDCE (Hold_fdce_C_D)        -0.009     0.521    odmr_block_design_i/top_odmr_0/U0/inst_adc_interface/adc_ovr_sync_reg[1]
  -------------------------------------------------------------------
                         required time                         -0.521    
                         arrival time                           0.659    
  -------------------------------------------------------------------
                         slack                                  0.138    





Pulse Width Checks
--------------------------------------------------------------------------------------
Clock Name:         adc_clk_in
Waveform(ns):       { 0.000 50.000 }
Period(ns):         100.000
Sources:            { adc_clk_in }

Check Type        Corner  Lib Pin  Reference Pin  Required(ns)  Actual(ns)  Slack(ns)  Location  Pin
Min Period        n/a     FDCE/C   n/a            1.000         100.000     99.000               odmr_block_design_i/top_odmr_0/U0/inst_adc_interface/adc_data_sync_reg[0]/C
Low Pulse Width   Slow    FDCE/C   n/a            0.500         50.000      49.500               odmr_block_design_i/top_odmr_0/U0/inst_adc_interface/adc_data_sync_reg[0]/C
High Pulse Width  Slow    FDCE/C   n/a            0.500         50.000      49.500               odmr_block_design_i/top_odmr_0/U0/inst_adc_interface/adc_data_sync_reg[0]/C



---------------------------------------------------------------------------------------------------
From Clock:  clk_fpga_0
  To Clock:  clk_fpga_0

Setup :            0  Failing Endpoints,  Worst Slack       11.030ns,  Total Violation        0.000ns
Hold  :            0  Failing Endpoints,  Worst Slack        0.080ns,  Total Violation        0.000ns
PW    :            0  Failing Endpoints,  Worst Slack        9.146ns,  Total Violation        0.000ns
---------------------------------------------------------------------------------------------------


Max Delay Paths
--------------------------------------------------------------------------------------
Slack (MET) :             11.030ns  (required time - arrival time)
  Source:                 odmr_block_design_i/top_odmr_0/U0/inst_cordic_lia/mag_reg_reg[19]/C
                            (rising edge-triggered cell FDCE clocked by clk_fpga_0  {rise@0.000ns fall@10.000ns period=20.000ns})
  Destination:            odmr_block_design_i/top_odmr_0/U0/inst_iir_lowpass/y_n1_reg[15]/D
                            (rising edge-triggered cell FDCE clocked by clk_fpga_0  {rise@0.000ns fall@10.000ns period=20.000ns})
  Path Group:             clk_fpga_0
  Path Type:              Setup (Max at Slow Process Corner)
  Requirement:            20.000ns  (clk_fpga_0 rise@20.000ns - clk_fpga_0 rise@0.000ns)
  Data Path Delay:        8.595ns  (logic 5.827ns (67.794%)  route 2.768ns (32.206%))
  Logic Levels:           9  (CARRY4=5 DSP48E1=1 LUT3=2 LUT4=1)
  Clock Path Skew:        -0.145ns (DCD - SCD + CPR)
    Destination Clock Delay (DCD):    1.191ns = ( 21.191 - 20.000 ) 
    Source Clock Delay      (SCD):    1.376ns
    Clock Pessimism Removal (CPR):    0.040ns
  Clock Uncertainty:      0.302ns  ((TSJ^2 + TIJ^2)^1/2 + DJ) / 2 + PE
    Total System Jitter     (TSJ):    0.071ns
    Total Input Jitter      (TIJ):    0.600ns
    Discrete Jitter          (DJ):    0.000ns
    Phase Error              (PE):    0.000ns

    Location             Delay type                Incr(ns)  Path(ns)    Netlist Resource(s)
  -------------------------------------------------------------------    -------------------
                         (clock clk_fpga_0 rise edge)
                                                      0.000     0.000 r  
                         PS7                          0.000     0.000 r  odmr_block_design_i/ps7/inst/PS7_i/FCLKCLK[0]
                         net (fo=1, unplaced)         0.646     0.646    odmr_block_design_i/ps7/inst/FCLK_CLK_unbuffered[0]
                         BUFG (Prop_bufg_I_O)         0.085     0.731 r  odmr_block_design_i/ps7/inst/buffer_fclk_clk_0.FCLK_CLK_0_BUFG/O
                         net (fo=2023, unplaced)      0.646     1.376    odmr_block_design_i/top_odmr_0/U0/inst_cordic_lia/s_axi_aclk
                         FDCE                                         r  odmr_block_design_i/top_odmr_0/U0/inst_cordic_lia/mag_reg_reg[19]/C
  -------------------------------------------------------------------    -------------------
                         FDCE (Prop_fdce_C_Q)         0.397     1.773 r  odmr_block_design_i/top_odmr_0/U0/inst_cordic_lia/mag_reg_reg[19]/Q
                         net (fo=17, unplaced)        0.646     2.419    odmr_block_design_i/top_odmr_0/U0/inst_iir_lowpass/x_n1_reg[15]_0[15]
                         DSP48E1 (Prop_dsp48e1_A[29]_P[15])
                                                      3.367     5.786 r  odmr_block_design_i/top_odmr_0/U0/inst_iir_lowpass/ARG__3/P[15]
                         net (fo=2, unplaced)         0.646     6.431    odmr_block_design_i/top_odmr_0/U0/inst_iir_lowpass/ARG__3_n_90
                         LUT3 (Prop_lut3_I2_O)        0.105     6.536 r  odmr_block_design_i/top_odmr_0/U0/inst_iir_lowpass/ARG__0_carry_i_3/O
                         net (fo=2, unplaced)         0.548     7.084    odmr_block_design_i/top_odmr_0/U0/inst_iir_lowpass/ARG__0_carry_i_3_n_0
                         CARRY4 (Prop_carry4_DI[1]_O[3])
                                                      0.519     7.603 r  odmr_block_design_i/top_odmr_0/U0/inst_iir_lowpass/ARG__0_carry/O[3]
                         net (fo=2, unplaced)         0.530     8.133    odmr_block_design_i/top_odmr_0/U0/inst_iir_lowpass/ARG__0_carry_n_4
                         LUT3 (Prop_lut3_I0_O)        0.253     8.386 r  odmr_block_design_i/top_odmr_0/U0/inst_iir_lowpass/ARG__54_carry__0_i_4/O
                         net (fo=2, unplaced)         0.399     8.785    odmr_block_design_i/top_odmr_0/U0/inst_iir_lowpass/ARG__54_carry__0_i_4_n_0
                         LUT4 (Prop_lut4_I3_O)        0.286     9.071 r  odmr_block_design_i/top_odmr_0/U0/inst_iir_lowpass/ARG__54_carry__0_i_8/O
                         net (fo=1, unplaced)         0.000     9.071    odmr_block_design_i/top_odmr_0/U0/inst_iir_lowpass/ARG__54_carry__0_i_8_n_0
                         CARRY4 (Prop_carry4_S[0]_CO[3])
                                                      0.423     9.494 r  odmr_block_design_i/top_odmr_0/U0/inst_iir_lowpass/ARG__54_carry__0/CO[3]
                         net (fo=1, unplaced)         0.000     9.494    odmr_block_design_i/top_odmr_0/U0/inst_iir_lowpass/ARG__54_carry__0_n_0
                         CARRY4 (Prop_carry4_CI_CO[3])
                                                      0.100     9.594 r  odmr_block_design_i/top_odmr_0/U0/inst_iir_lowpass/ARG__54_carry__1/CO[3]
                         net (fo=1, unplaced)         0.000     9.594    odmr_block_design_i/top_odmr_0/U0/inst_iir_lowpass/ARG__54_carry__1_n_0
                         CARRY4 (Prop_carry4_CI_CO[3])
                                                      0.100     9.694 r  odmr_block_design_i/top_odmr_0/U0/inst_iir_lowpass/ARG__54_carry__2/CO[3]
                         net (fo=1, unplaced)         0.000     9.694    odmr_block_design_i/top_odmr_0/U0/inst_iir_lowpass/ARG__54_carry__2_n_0
                         CARRY4 (Prop_carry4_CI_O[3])
                                                      0.277     9.971 r  odmr_block_design_i/top_odmr_0/U0/inst_iir_lowpass/ARG__54_carry__3/O[3]
                         net (fo=1, unplaced)         0.000     9.971    odmr_block_design_i/top_odmr_0/U0/inst_iir_lowpass/RESIZE[15]
                         FDCE                                         r  odmr_block_design_i/top_odmr_0/U0/inst_iir_lowpass/y_n1_reg[15]/D
  -------------------------------------------------------------------    -------------------

                         (clock clk_fpga_0 rise edge)
                                                     20.000    20.000 r  
                         PS7                          0.000    20.000 r  odmr_block_design_i/ps7/inst/PS7_i/FCLKCLK[0]
                         net (fo=1, unplaced)         0.613    20.613    odmr_block_design_i/ps7/inst/FCLK_CLK_unbuffered[0]
                         BUFG (Prop_bufg_I_O)         0.077    20.690 r  odmr_block_design_i/ps7/inst/buffer_fclk_clk_0.FCLK_CLK_0_BUFG/O
                         net (fo=2023, unplaced)      0.501    21.191    odmr_block_design_i/top_odmr_0/U0/inst_iir_lowpass/s_axi_aclk
                         FDCE                                         r  odmr_block_design_i/top_odmr_0/U0/inst_iir_lowpass/y_n1_reg[15]/C
                         clock pessimism              0.040    21.231    
                         clock uncertainty           -0.302    20.929    
                         FDCE (Setup_fdce_C_D)        0.072    21.001    odmr_block_design_i/top_odmr_0/U0/inst_iir_lowpass/y_n1_reg[15]
  -------------------------------------------------------------------
                         required time                         21.001    
                         arrival time                          -9.971    
  -------------------------------------------------------------------
                         slack                                 11.030    





Min Delay Paths
--------------------------------------------------------------------------------------
Slack (MET) :             0.080ns  (arrival time - required time)
  Source:                 odmr_block_design_i/axi_interconnect_0/s00_couplers/auto_pc/inst/gen_axilite.gen_b2s_conv.axilite_b2s/WR.aw_channel_0/s_awlen_r_reg[0]/C
                            (rising edge-triggered cell FDRE clocked by clk_fpga_0  {rise@0.000ns fall@10.000ns period=20.000ns})
  Destination:            odmr_block_design_i/axi_interconnect_0/s00_couplers/auto_pc/inst/gen_axilite.gen_b2s_conv.axilite_b2s/WR.b_channel_0/bid_fifo_0/memory_reg[3][0]_srl4/D
                            (rising edge-triggered cell SRL16E clocked by clk_fpga_0  {rise@0.000ns fall@10.000ns period=20.000ns})
  Path Group:             clk_fpga_0
  Path Type:              Hold (Min at Fast Process Corner)
  Requirement:            0.000ns  (clk_fpga_0 rise@0.000ns - clk_fpga_0 rise@0.000ns)
  Data Path Delay:        0.274ns  (logic 0.147ns (53.659%)  route 0.127ns (46.341%))
  Logic Levels:           0  
  Clock Path Skew:        0.145ns (DCD - SCD - CPR)
    Destination Clock Delay (DCD):    0.703ns
    Source Clock Delay      (SCD):    0.538ns
    Clock Pessimism Removal (CPR):    0.020ns

    Location             Delay type                Incr(ns)  Path(ns)    Netlist Resource(s)
  -------------------------------------------------------------------    -------------------
                         (clock clk_fpga_0 rise edge)
                                                      0.000     0.000 r  
                         PS7                          0.000     0.000 r  odmr_block_design_i/ps7/inst/PS7_i/FCLKCLK[0]
                         net (fo=1, unplaced)         0.320     0.320    odmr_block_design_i/ps7/inst/FCLK_CLK_unbuffered[0]
                         BUFG (Prop_bufg_I_O)         0.026     0.346 r  odmr_block_design_i/ps7/inst/buffer_fclk_clk_0.FCLK_CLK_0_BUFG/O
                         net (fo=2023, unplaced)      0.192     0.538    odmr_block_design_i/axi_interconnect_0/s00_couplers/auto_pc/inst/gen_axilite.gen_b2s_conv.axilite_b2s/WR.aw_channel_0/aclk
                         FDRE                                         r  odmr_block_design_i/axi_interconnect_0/s00_couplers/auto_pc/inst/gen_axilite.gen_b2s_conv.axilite_b2s/WR.aw_channel_0/s_awlen_r_reg[0]/C
  -------------------------------------------------------------------    -------------------
                         FDRE (Prop_fdre_C_Q)         0.147     0.685 r  odmr_block_design_i/axi_interconnect_0/s00_couplers/auto_pc/inst/gen_axilite.gen_b2s_conv.axilite_b2s/WR.aw_channel_0/s_awlen_r_reg[0]/Q
                         net (fo=1, unplaced)         0.127     0.812    odmr_block_design_i/axi_interconnect_0/s00_couplers/auto_pc/inst/gen_axilite.gen_b2s_conv.axilite_b2s/WR.b_channel_0/bid_fifo_0/in[0]
                         SRL16E                                       r  odmr_block_design_i/axi_interconnect_0/s00_couplers/auto_pc/inst/gen_axilite.gen_b2s_conv.axilite_b2s/WR.b_channel_0/bid_fifo_0/memory_reg[3][0]_srl4/D
  -------------------------------------------------------------------    -------------------

                         (clock clk_fpga_0 rise edge)
                                                      0.000     0.000 r  
                         PS7                          0.000     0.000 r  odmr_block_design_i/ps7/inst/PS7_i/FCLKCLK[0]
                         net (fo=1, unplaced)         0.337     0.337    odmr_block_design_i/ps7/inst/FCLK_CLK_unbuffered[0]
                         BUFG (Prop_bufg_I_O)         0.029     0.366 r  odmr_block_design_i/ps7/inst/buffer_fclk_clk_0.FCLK_CLK_0_BUFG/O
                         net (fo=2023, unplaced)      0.337     0.703    odmr_block_design_i/axi_interconnect_0/s00_couplers/auto_pc/inst/gen_axilite.gen_b2s_conv.axilite_b2s/WR.b_channel_0/bid_fifo_0/aclk
                         SRL16E                                       r  odmr_block_design_i/axi_interconnect_0/s00_couplers/auto_pc/inst/gen_axilite.gen_b2s_conv.axilite_b2s/WR.b_channel_0/bid_fifo_0/memory_reg[3][0]_srl4/CLK
                         clock pessimism             -0.020     0.683    
                         SRL16E (Hold_srl16e_CLK_D)
                                                      0.049     0.732    odmr_block_design_i/axi_interconnect_0/s00_couplers/auto_pc/inst/gen_axilite.gen_b2s_conv.axilite_b2s/WR.b_channel_0/bid_fifo_0/memory_reg[3][0]_srl4
  -------------------------------------------------------------------
                         required time                         -0.732    
                         arrival time                           0.812    
  -------------------------------------------------------------------
                         slack                                  0.080    





Pulse Width Checks
--------------------------------------------------------------------------------------
Clock Name:         clk_fpga_0
Waveform(ns):       { 0.000 10.000 }
Period(ns):         20.000
Sources:            { odmr_block_design_i/ps7/inst/PS7_i/FCLKCLK[0] }

Check Type        Corner  Lib Pin             Reference Pin  Required(ns)  Actual(ns)  Slack(ns)  Location  Pin
Min Period        n/a     RAMB36E1/CLKARDCLK  n/a            2.170         20.000      17.830               odmr_block_design_i/top_odmr_0/U0/inst_dds_generator/data_out_reg_0/CLKARDCLK
Low Pulse Width   Slow    SRLC32E/CLK         n/a            0.854         10.000      9.146                odmr_block_design_i/axi_interconnect_0/s00_couplers/auto_pc/inst/gen_axilite.gen_b2s_conv.axilite_b2s/RD.r_channel_0/rd_data_fifo_0/memory_reg[31][0]_srl32/CLK
High Pulse Width  Slow    SRLC32E/CLK         n/a            0.854         10.000      9.146                odmr_block_design_i/axi_interconnect_0/s00_couplers/auto_pc/inst/gen_axilite.gen_b2s_conv.axilite_b2s/RD.r_channel_0/rd_data_fifo_0/memory_reg[31][0]_srl32/CLK



---------------------------------------------------------------------------------------------------
Path Group:  **async_default**
From Clock:  clk_fpga_0
  To Clock:  clk_fpga_0

Setup :            0  Failing Endpoints,  Worst Slack       18.338ns,  Total Violation        0.000ns
Hold  :            0  Failing Endpoints,  Worst Slack        0.343ns,  Total Violation        0.000ns
---------------------------------------------------------------------------------------------------


Max Delay Paths
--------------------------------------------------------------------------------------
Slack (MET) :             18.338ns  (required time - arrival time)
  Source:                 odmr_block_design_i/top_odmr_0/U0/sys_rst_sync_reg/C
                            (rising edge-triggered cell FDPE clocked by clk_fpga_0  {rise@0.000ns fall@10.000ns period=20.000ns})
  Destination:            odmr_block_design_i/top_odmr_0/U0/heartbeat_cnt_reg[0]/CLR
                            (recovery check against rising-edge clock clk_fpga_0  {rise@0.000ns fall@10.000ns period=20.000ns})
  Path Group:             **async_default**
  Path Type:              Recovery (Max at Slow Process Corner)
  Requirement:            20.000ns  (clk_fpga_0 rise@20.000ns - clk_fpga_0 rise@0.000ns)
  Data Path Delay:        0.801ns  (logic 0.397ns (49.563%)  route 0.404ns (50.437%))
  Logic Levels:           0  
  Clock Path Skew:        -0.145ns (DCD - SCD + CPR)
    Destination Clock Delay (DCD):    1.191ns = ( 21.191 - 20.000 ) 
    Source Clock Delay      (SCD):    1.376ns
    Clock Pessimism Removal (CPR):    0.040ns
  Clock Uncertainty:      0.302ns  ((TSJ^2 + TIJ^2)^1/2 + DJ) / 2 + PE
    Total System Jitter     (TSJ):    0.071ns
    Total Input Jitter      (TIJ):    0.600ns
    Discrete Jitter          (DJ):    0.000ns
    Phase Error              (PE):    0.000ns

    Location             Delay type                Incr(ns)  Path(ns)    Netlist Resource(s)
  -------------------------------------------------------------------    -------------------
                         (clock clk_fpga_0 rise edge)
                                                      0.000     0.000 r  
                         PS7                          0.000     0.000 r  odmr_block_design_i/ps7/inst/PS7_i/FCLKCLK[0]
                         net (fo=1, unplaced)         0.646     0.646    odmr_block_design_i/ps7/inst/FCLK_CLK_unbuffered[0]
                         BUFG (Prop_bufg_I_O)         0.085     0.731 r  odmr_block_design_i/ps7/inst/buffer_fclk_clk_0.FCLK_CLK_0_BUFG/O
                         net (fo=2023, unplaced)      0.646     1.376    odmr_block_design_i/top_odmr_0/U0/s_axi_aclk
                         FDPE                                         r  odmr_block_design_i/top_odmr_0/U0/sys_rst_sync_reg/C
  -------------------------------------------------------------------    -------------------
                         FDPE (Prop_fdpe_C_Q)         0.397     1.773 f  odmr_block_design_i/top_odmr_0/U0/sys_rst_sync_reg/Q
                         net (fo=1110, unplaced)      0.404     2.177    odmr_block_design_i/top_odmr_0/U0/sys_rst_sync
                         FDCE                                         f  odmr_block_design_i/top_odmr_0/U0/heartbeat_cnt_reg[0]/CLR
  -------------------------------------------------------------------    -------------------

                         (clock clk_fpga_0 rise edge)
                                                     20.000    20.000 r  
                         PS7                          0.000    20.000 r  odmr_block_design_i/ps7/inst/PS7_i/FCLKCLK[0]
                         net (fo=1, unplaced)         0.613    20.613    odmr_block_design_i/ps7/inst/FCLK_CLK_unbuffered[0]
                         BUFG (Prop_bufg_I_O)         0.077    20.690 r  odmr_block_design_i/ps7/inst/buffer_fclk_clk_0.FCLK_CLK_0_BUFG/O
                         net (fo=2023, unplaced)      0.501    21.191    odmr_block_design_i/top_odmr_0/U0/s_axi_aclk
                         FDCE                                         r  odmr_block_design_i/top_odmr_0/U0/heartbeat_cnt_reg[0]/C
                         clock pessimism              0.040    21.231    
                         clock uncertainty           -0.302    20.929    
                         FDCE (Recov_fdce_C_CLR)     -0.414    20.515    odmr_block_design_i/top_odmr_0/U0/heartbeat_cnt_reg[0]
  -------------------------------------------------------------------
                         required time                         20.515    
                         arrival time                          -2.177    
  -------------------------------------------------------------------
                         slack                                 18.338    





Min Delay Paths
--------------------------------------------------------------------------------------
Slack (MET) :             0.343ns  (arrival time - required time)
  Source:                 odmr_block_design_i/top_odmr_0/U0/sys_rst_sync_reg/C
                            (rising edge-triggered cell FDPE clocked by clk_fpga_0  {rise@0.000ns fall@10.000ns period=20.000ns})
  Destination:            odmr_block_design_i/top_odmr_0/U0/heartbeat_cnt_reg[0]/CLR
                            (removal check against rising-edge clock clk_fpga_0  {rise@0.000ns fall@10.000ns period=20.000ns})
  Path Group:             **async_default**
  Path Type:              Removal (Min at Fast Process Corner)
  Requirement:            0.000ns  (clk_fpga_0 rise@0.000ns - clk_fpga_0 rise@0.000ns)
  Data Path Delay:        0.347ns  (logic 0.147ns (42.321%)  route 0.200ns (57.679%))
  Logic Levels:           0  
  Clock Path Skew:        0.145ns (DCD - SCD - CPR)
    Destination Clock Delay (DCD):    0.703ns
    Source Clock Delay      (SCD):    0.538ns
    Clock Pessimism Removal (CPR):    0.020ns

    Location             Delay type                Incr(ns)  Path(ns)    Netlist Resource(s)
  -------------------------------------------------------------------    -------------------
                         (clock clk_fpga_0 rise edge)
                                                      0.000     0.000 r  
                         PS7                          0.000     0.000 r  odmr_block_design_i/ps7/inst/PS7_i/FCLKCLK[0]
                         net (fo=1, unplaced)         0.320     0.320    odmr_block_design_i/ps7/inst/FCLK_CLK_unbuffered[0]
                         BUFG (Prop_bufg_I_O)         0.026     0.346 r  odmr_block_design_i/ps7/inst/buffer_fclk_clk_0.FCLK_CLK_0_BUFG/O
                         net (fo=2023, unplaced)      0.192     0.538    odmr_block_design_i/top_odmr_0/U0/s_axi_aclk
                         FDPE                                         r  odmr_block_design_i/top_odmr_0/U0/sys_rst_sync_reg/C
  -------------------------------------------------------------------    -------------------
                         FDPE (Prop_fdpe_C_Q)         0.147     0.685 f  odmr_block_design_i/top_odmr_0/U0/sys_rst_sync_reg/Q
                         net (fo=1110, unplaced)      0.200     0.885    odmr_block_design_i/top_odmr_0/U0/sys_rst_sync
                         FDCE                                         f  odmr_block_design_i/top_odmr_0/U0/heartbeat_cnt_reg[0]/CLR
  -------------------------------------------------------------------    -------------------

                         (clock clk_fpga_0 rise edge)
                                                      0.000     0.000 r  
                         PS7                          0.000     0.000 r  odmr_block_design_i/ps7/inst/PS7_i/FCLKCLK[0]
                         net (fo=1, unplaced)         0.337     0.337    odmr_block_design_i/ps7/inst/FCLK_CLK_unbuffered[0]
                         BUFG (Prop_bufg_I_O)         0.029     0.366 r  odmr_block_design_i/ps7/inst/buffer_fclk_clk_0.FCLK_CLK_0_BUFG/O
                         net (fo=2023, unplaced)      0.337     0.703    odmr_block_design_i/top_odmr_0/U0/s_axi_aclk
                         FDCE                                         r  odmr_block_design_i/top_odmr_0/U0/heartbeat_cnt_reg[0]/C
                         clock pessimism             -0.020     0.683    
                         FDCE (Remov_fdce_C_CLR)     -0.141     0.542    odmr_block_design_i/top_odmr_0/U0/heartbeat_cnt_reg[0]
  -------------------------------------------------------------------
                         required time                         -0.542    
                         arrival time                           0.885    
  -------------------------------------------------------------------
                         slack                                  0.343    





