Copyright 1986-2020 Xilinx, Inc. All Rights Reserved.
---------------------------------------------------------------------------------------------------------------------------------------------------
| Tool Version : Vivado v.2020.2 (win64) Build 3064766 Wed Nov 18 09:12:45 MST 2020
| Date         : Tue May 19 18:38:24 2026
| Host         : DESKTOP-7G9QN4N running 64-bit major release  (build 9200)
| Command      : report_timing_summary -file C:/Users/YXCOA/Desktop/lxb/NCS_project-main/08_vivado_projects/odmr_zynq7020/reports/timing_synth.rpt
| Design       : top_odmr
| Device       : 7z020-clg400
| Speed File   : -2  PRODUCTION 1.12 2019-11-22
---------------------------------------------------------------------------------------------------------------------------------------------------

Timing Summary Report

------------------------------------------------------------------------------------------------
| Timer Settings
| --------------
------------------------------------------------------------------------------------------------

  Enable Multi Corner Analysis               :  Yes
  Enable Pessimism Removal                   :  Yes
  Pessimism Removal Resolution               :  Nearest Common Node
  Enable Input Delay Default Clock           :  No
  Enable Preset / Clear Arcs                 :  No
  Disable Flight Delays                      :  No
  Ignore I/O Paths                           :  No
  Timing Early Launch at Borrowing Latches   :  No
  Borrow Time for Max Delay Exceptions       :  Yes
  Merge Timing Exceptions                    :  Yes

  Corner  Analyze    Analyze    
  Name    Max Paths  Min Paths  
  ------  ---------  ---------  
  Slow    Yes        Yes        
  Fast    Yes        Yes        



check_timing report

Table of Contents
-----------------
1. checking no_clock (0)
2. checking constant_clock (0)
3. checking pulse_width_clock (0)
4. checking unconstrained_internal_endpoints (0)
5. checking no_input_delay (2)
6. checking no_output_delay (0)
7. checking multiple_clock (0)
8. checking generated_clocks (0)
9. checking loops (0)
10. checking partial_input_delay (0)
11. checking partial_output_delay (0)
12. checking latch_loops (0)

1. checking no_clock (0)
------------------------
 There are 0 register/latch pins with no clock.


2. checking constant_clock (0)
------------------------------
 There are 0 register/latch pins with constant_clock.


3. checking pulse_width_clock (0)
---------------------------------
 There are 0 register/latch pins which need pulse_width check


4. checking unconstrained_internal_endpoints (0)
------------------------------------------------
 There are 0 pins that are not constrained for maximum delay.

 There are 0 pins that are not constrained for maximum delay due to constant clock.


5. checking no_input_delay (2)
------------------------------
 There are 0 input ports with no input delay specified.

 There are 2 input ports with no input delay but user has a false path constraint. (MEDIUM)


6. checking no_output_delay (0)
-------------------------------
 There are 0 ports with no output delay specified.

 There are 0 ports with no output delay but user has a false path constraint

 There are 0 ports with no output delay but with a timing clock defined on it or propagating through it


7. checking multiple_clock (0)
------------------------------
 There are 0 register/latch pins with multiple clocks.


8. checking generated_clocks (0)
--------------------------------
 There are 0 generated clocks that are not connected to a clock source.


9. checking loops (0)
---------------------
 There are 0 combinational loops in the design.


10. checking partial_input_delay (0)
------------------------------------
 There are 0 input ports with partial input delay specified.


11. checking partial_output_delay (0)
-------------------------------------
 There are 0 ports with partial output delay specified.


12. checking latch_loops (0)
----------------------------
 There are 0 combinational latch loops in the design through latch input



------------------------------------------------------------------------------------------------
| Design Timing Summary
| ---------------------
------------------------------------------------------------------------------------------------

    WNS(ns)      TNS(ns)  TNS Failing Endpoints  TNS Total Endpoints      WHS(ns)      THS(ns)  THS Failing Endpoints  THS Total Endpoints     WPWS(ns)     TPWS(ns)  TPWS Failing Endpoints  TPWS Total Endpoints  
    -------      -------  ---------------------  -------------------      -------      -------  ---------------------  -------------------     --------     --------  ----------------------  --------------------  
     -0.096       -3.080                     32                  478       -1.053     -267.920                    386                  478        4.500        0.000                       0                   224  


Timing constraints are not met.


------------------------------------------------------------------------------------------------
| Clock Summary
| -------------
------------------------------------------------------------------------------------------------

Clock        Waveform(ns)         Period(ns)      Frequency(MHz)
-----        ------------         ----------      --------------
adc_clk_in   {0.000 50.000}       100.000         10.000          
s_axi_aclk   {0.000 5.000}        10.000          100.000         
sys_clk_50m  {0.000 10.000}       20.000          50.000          


------------------------------------------------------------------------------------------------
| Intra Clock Table
| -----------------
------------------------------------------------------------------------------------------------

Clock             WNS(ns)      TNS(ns)  TNS Failing Endpoints  TNS Total Endpoints      WHS(ns)      THS(ns)  THS Failing Endpoints  THS Total Endpoints     WPWS(ns)     TPWS(ns)  TPWS Failing Endpoints  TPWS Total Endpoints  
-----             -------      -------  ---------------------  -------------------      -------      -------  ---------------------  -------------------     --------     --------  ----------------------  --------------------  
s_axi_aclk         -0.096       -3.080                     32                  423       -1.053     -267.920                    386                  423        4.500        0.000                       0                   195  
sys_clk_50m         1.360        0.000                      0                   28        0.201        0.000                      0                   28        9.500        0.000                       0                    29  


------------------------------------------------------------------------------------------------
| Inter Clock Table
| -----------------
------------------------------------------------------------------------------------------------

From Clock    To Clock          WNS(ns)      TNS(ns)  TNS Failing Endpoints  TNS Total Endpoints      WHS(ns)      THS(ns)  THS Failing Endpoints  THS Total Endpoints  
----------    --------          -------      -------  ---------------------  -------------------      -------      -------  ---------------------  -------------------  


------------------------------------------------------------------------------------------------
| Other Path Groups Table
| -----------------------
------------------------------------------------------------------------------------------------

Path Group         From Clock         To Clock               WNS(ns)      TNS(ns)  TNS Failing Endpoints  TNS Total Endpoints      WHS(ns)      THS(ns)  THS Failing Endpoints  THS Total Endpoints  
----------         ----------         --------               -------      -------  ---------------------  -------------------      -------      -------  ---------------------  -------------------  
**async_default**  sys_clk_50m        sys_clk_50m             18.678        0.000                      0                   27        0.307        0.000                      0                   27  


------------------------------------------------------------------------------------------------
| Timing Details
| --------------
------------------------------------------------------------------------------------------------


---------------------------------------------------------------------------------------------------
From Clock:  s_axi_aclk
  To Clock:  s_axi_aclk

Setup :           32  Failing Endpoints,  Worst Slack       -0.096ns,  Total Violation       -3.080ns
Hold  :          386  Failing Endpoints,  Worst Slack       -1.053ns,  Total Violation     -267.920ns
PW    :            0  Failing Endpoints,  Worst Slack        4.500ns,  Total Violation        0.000ns
---------------------------------------------------------------------------------------------------


Max Delay Paths
--------------------------------------------------------------------------------------
Slack (VIOLATED) :        -0.096ns  (required time - arrival time)
  Source:                 axi_araddr_reg_reg[27]/C
                            (rising edge-triggered cell FDCE clocked by s_axi_aclk  {rise@0.000ns fall@5.000ns period=10.000ns})
  Destination:            s_axi_rdata[0]
                            (output port clocked by s_axi_aclk  {rise@0.000ns fall@5.000ns period=10.000ns})
  Path Group:             s_axi_aclk
  Path Type:              Max at Slow Process Corner
  Requirement:            10.000ns  (s_axi_aclk rise@10.000ns - s_axi_aclk rise@0.000ns)
  Data Path Delay:        5.843ns  (logic 3.325ns (56.910%)  route 2.518ns (43.090%))
  Logic Levels:           5  (LUT2=1 LUT6=3 OBUF=1)
  Output Delay:           2.000ns
  Clock Path Skew:        -2.218ns (DCD - SCD + CPR)
    Destination Clock Delay (DCD):    0.000ns = ( 10.000 - 10.000 ) 
    Source Clock Delay      (SCD):    2.218ns
    Clock Pessimism Removal (CPR):    0.000ns
  Clock Uncertainty:      0.035ns  ((TSJ^2 + TIJ^2)^1/2 + DJ) / 2 + PE
    Total System Jitter     (TSJ):    0.071ns
    Total Input Jitter      (TIJ):    0.000ns
    Discrete Jitter          (DJ):    0.000ns
    Phase Error              (PE):    0.000ns

    Location             Delay type                Incr(ns)  Path(ns)    Netlist Resource(s)
  -------------------------------------------------------------------    -------------------
                         (clock s_axi_aclk rise edge)
                                                      0.000     0.000 r  
                                                      0.000     0.000 r  s_axi_aclk (IN)
                         net (fo=0)                   0.000     0.000    s_axi_aclk
                         IBUF (Prop_ibuf_I_O)         0.904     0.904 r  s_axi_aclk_IBUF_inst/O
                         net (fo=1, unplaced)         0.646     1.549    s_axi_aclk_IBUF
                         BUFG (Prop_bufg_I_O)         0.085     1.634 r  s_axi_aclk_IBUF_BUFG_inst/O
                         net (fo=194, unplaced)       0.584     2.218    s_axi_aclk_IBUF_BUFG
                         FDCE                                         r  axi_araddr_reg_reg[27]/C
  -------------------------------------------------------------------    -------------------
                         FDCE (Prop_fdce_C_Q)         0.397     2.615 f  axi_araddr_reg_reg[27]/Q
                         net (fo=1, unplaced)         0.779     3.394    axi_araddr_reg[27]
                         LUT6 (Prop_lut6_I0_O)        0.232     3.626 f  s_axi_rdata_OBUF[31]_inst_i_8/O
                         net (fo=1, unplaced)         0.328     3.954    s_axi_rdata_OBUF[31]_inst_i_8_n_0
                         LUT6 (Prop_lut6_I0_O)        0.105     4.059 f  s_axi_rdata_OBUF[31]_inst_i_6/O
                         net (fo=1, unplaced)         0.347     4.406    s_axi_rdata_OBUF[31]_inst_i_6_n_0
                         LUT6 (Prop_lut6_I5_O)        0.105     4.511 r  s_axi_rdata_OBUF[31]_inst_i_2/O
                         net (fo=32, unplaced)        0.418     4.929    s_axi_rdata_OBUF[31]_inst_i_2_n_0
                         LUT2 (Prop_lut2_I0_O)        0.105     5.034 r  s_axi_rdata_OBUF[0]_inst_i_1/O
                         net (fo=1, unplaced)         0.646     5.680    s_axi_rdata_OBUF[0]
                         OBUF (Prop_obuf_I_O)         2.381     8.061 r  s_axi_rdata_OBUF[0]_inst/O
                         net (fo=0)                   0.000     8.061    s_axi_rdata[0]
                                                                      r  s_axi_rdata[0] (OUT)
  -------------------------------------------------------------------    -------------------

                         (clock s_axi_aclk rise edge)
                                                     10.000    10.000 r  
                         clock pessimism              0.000    10.000    
                         clock uncertainty           -0.035     9.965    
                         output delay                -2.000     7.965    
  -------------------------------------------------------------------
                         required time                          7.965    
                         arrival time                          -8.061    
  -------------------------------------------------------------------
                         slack                                 -0.096    





Min Delay Paths
--------------------------------------------------------------------------------------
Slack (VIOLATED) :        -1.053ns  (arrival time - required time)
  Source:                 s_axi_araddr[0]
                            (input port clocked by s_axi_aclk  {rise@0.000ns fall@5.000ns period=10.000ns})
  Destination:            axi_araddr_reg_reg[0]/D
                            (rising edge-triggered cell FDCE clocked by s_axi_aclk  {rise@0.000ns fall@5.000ns period=10.000ns})
  Path Group:             s_axi_aclk
  Path Type:              Hold (Min at Slow Process Corner)
  Requirement:            0.000ns  (s_axi_aclk rise@0.000ns - s_axi_aclk rise@0.000ns)
  Data Path Delay:        1.386ns  (logic 0.773ns (55.752%)  route 0.613ns (44.248%))
  Logic Levels:           1  (IBUF=1)
  Input Delay:            0.000ns
  Clock Path Skew:        2.218ns (DCD - SCD - CPR)
    Destination Clock Delay (DCD):    2.218ns
    Source Clock Delay      (SCD):    0.000ns
    Clock Pessimism Removal (CPR):    -0.000ns
  Clock Uncertainty:      0.035ns  ((TSJ^2 + TIJ^2)^1/2 + DJ) / 2 + PE
    Total System Jitter     (TSJ):    0.071ns
    Total Input Jitter      (TIJ):    0.000ns
    Discrete Jitter          (DJ):    0.000ns
    Phase Error              (PE):    0.000ns

    Location             Delay type                Incr(ns)  Path(ns)    Netlist Resource(s)
  -------------------------------------------------------------------    -------------------
                         (clock s_axi_aclk rise edge)
                                                      0.000     0.000 r  
                         input delay                  0.000     0.000    
                                                      0.000     0.000 r  s_axi_araddr[0] (IN)
                         net (fo=0)                   0.000     0.000    s_axi_araddr[0]
                         IBUF (Prop_ibuf_I_O)         0.773     0.773 r  s_axi_araddr_IBUF[0]_inst/O
                         net (fo=1, unplaced)         0.613     1.386    s_axi_araddr_IBUF[0]
                         FDCE                                         r  axi_araddr_reg_reg[0]/D
  -------------------------------------------------------------------    -------------------

                         (clock s_axi_aclk rise edge)
                                                      0.000     0.000 r  
                                                      0.000     0.000 r  s_axi_aclk (IN)
                         net (fo=0)                   0.000     0.000    s_axi_aclk
                         IBUF (Prop_ibuf_I_O)         0.904     0.904 r  s_axi_aclk_IBUF_inst/O
                         net (fo=1, unplaced)         0.646     1.549    s_axi_aclk_IBUF
                         BUFG (Prop_bufg_I_O)         0.085     1.634 r  s_axi_aclk_IBUF_BUFG_inst/O
                         net (fo=194, unplaced)       0.584     2.218    s_axi_aclk_IBUF_BUFG
                         FDCE                                         r  axi_araddr_reg_reg[0]/C
                         clock pessimism              0.000     2.218    
                         clock uncertainty            0.035     2.254    
                         FDCE (Hold_fdce_C_D)         0.185     2.439    axi_araddr_reg_reg[0]
  -------------------------------------------------------------------
                         required time                         -2.439    
                         arrival time                           1.386    
  -------------------------------------------------------------------
                         slack                                 -1.053    





Pulse Width Checks
--------------------------------------------------------------------------------------
Clock Name:         s_axi_aclk
Waveform(ns):       { 0.000 5.000 }
Period(ns):         10.000
Sources:            { s_axi_aclk }

Check Type        Corner  Lib Pin  Reference Pin  Required(ns)  Actual(ns)  Slack(ns)  Location  Pin
Min Period        n/a     BUFG/I   n/a            1.592         10.000      8.408                s_axi_aclk_IBUF_BUFG_inst/I
Low Pulse Width   Fast    FDCE/C   n/a            0.500         5.000       4.500                axi_araddr_reg_reg[0]/C
High Pulse Width  Slow    FDCE/C   n/a            0.500         5.000       4.500                axi_araddr_reg_reg[0]/C



---------------------------------------------------------------------------------------------------
From Clock:  sys_clk_50m
  To Clock:  sys_clk_50m

Setup :            0  Failing Endpoints,  Worst Slack        1.360ns,  Total Violation        0.000ns
Hold  :            0  Failing Endpoints,  Worst Slack        0.201ns,  Total Violation        0.000ns
PW    :            0  Failing Endpoints,  Worst Slack        9.500ns,  Total Violation        0.000ns
---------------------------------------------------------------------------------------------------


Max Delay Paths
--------------------------------------------------------------------------------------
Slack (MET) :             1.360ns  (required time - arrival time)
  Source:                 sys_clk_50m
                            (clock source 'sys_clk_50m'  {rise@0.000ns fall@10.000ns period=20.000ns})
  Destination:            dds_clk_out
                            (output port clocked by sys_clk_50m  {rise@0.000ns fall@10.000ns period=20.000ns})
  Path Group:             sys_clk_50m
  Path Type:              Max at Slow Process Corner
  Requirement:            10.000ns  (sys_clk_50m rise@20.000ns - sys_clk_50m fall@10.000ns)
  Data Path Delay:        5.605ns  (logic 4.314ns (76.965%)  route 1.291ns (23.035%))
  Logic Levels:           3  (BUFG=1 IBUF=1 OBUF=1)
  Output Delay:           3.000ns
  Clock Uncertainty:      0.035ns  ((TSJ^2 + TIJ^2)^1/2 + DJ) / 2 + PE
    Total System Jitter     (TSJ):    0.071ns
    Total Input Jitter      (TIJ):    0.000ns
    Discrete Jitter          (DJ):    0.000ns
    Phase Error              (PE):    0.000ns

    Location             Delay type                Incr(ns)  Path(ns)    Netlist Resource(s)
  -------------------------------------------------------------------    -------------------
                         (clock sys_clk_50m fall edge)
                                                     10.000    10.000 f  
    U18                                               0.000    10.000 f  sys_clk_50m (IN)
                         net (fo=0)                   0.000    10.000    sys_clk_50m
    U18                  IBUF (Prop_ibuf_I_O)         1.429    11.429 f  sys_clk_50m_IBUF_inst/O
                         net (fo=1, unplaced)         0.646    12.075    dds_clk_out_OBUF
                         BUFG (Prop_bufg_I_O)         0.085    12.160 f  dds_clk_out_OBUF_BUFG_inst/O
                         net (fo=29, unplaced)        0.646    12.806    dds_clk_out_OBUF_BUFG
    T16                  OBUF (Prop_obuf_I_O)         2.800    15.605 f  dds_clk_out_OBUF_inst/O
                         net (fo=0)                   0.000    15.605    dds_clk_out
    T16                                                               f  dds_clk_out (OUT)
  -------------------------------------------------------------------    -------------------

                         (clock sys_clk_50m rise edge)
                                                     20.000    20.000 r  
                         clock pessimism              0.000    20.000    
                         clock uncertainty           -0.035    19.965    
                         output delay                -3.000    16.965    
  -------------------------------------------------------------------
                         required time                         16.965    
                         arrival time                         -15.605    
  -------------------------------------------------------------------
                         slack                                  1.360    





Min Delay Paths
--------------------------------------------------------------------------------------
Slack (MET) :             0.201ns  (arrival time - required time)
  Source:                 cnt_reg[0]/C
                            (rising edge-triggered cell FDCE clocked by sys_clk_50m  {rise@0.000ns fall@10.000ns period=20.000ns})
  Destination:            cnt_reg[0]/D
                            (rising edge-triggered cell FDCE clocked by sys_clk_50m  {rise@0.000ns fall@10.000ns period=20.000ns})
  Path Group:             sys_clk_50m
  Path Type:              Hold (Min at Fast Process Corner)
  Requirement:            0.000ns  (sys_clk_50m rise@0.000ns - sys_clk_50m rise@0.000ns)
  Data Path Delay:        0.459ns  (logic 0.262ns (57.035%)  route 0.197ns (42.965%))
  Logic Levels:           2  (CARRY4=1 LUT1=1)
  Clock Path Skew:        0.145ns (DCD - SCD - CPR)
    Destination Clock Delay (DCD):    1.157ns
    Source Clock Delay      (SCD):    0.804ns
    Clock Pessimism Removal (CPR):    0.208ns

    Location             Delay type                Incr(ns)  Path(ns)    Netlist Resource(s)
  -------------------------------------------------------------------    -------------------
                         (clock sys_clk_50m rise edge)
                                                      0.000     0.000 r  
    U18                                               0.000     0.000 r  sys_clk_50m (IN)
                         net (fo=0)                   0.000     0.000    sys_clk_50m
    U18                  IBUF (Prop_ibuf_I_O)         0.266     0.266 r  sys_clk_50m_IBUF_inst/O
                         net (fo=1, unplaced)         0.320     0.586    dds_clk_out_OBUF
                         BUFG (Prop_bufg_I_O)         0.026     0.612 r  dds_clk_out_OBUF_BUFG_inst/O
                         net (fo=29, unplaced)        0.192     0.804    dds_clk_out_OBUF_BUFG
                         FDCE                                         r  cnt_reg[0]/C
  -------------------------------------------------------------------    -------------------
                         FDCE (Prop_fdce_C_Q)         0.147     0.951 f  cnt_reg[0]/Q
                         net (fo=3, unplaced)         0.197     1.149    cnt_reg[0]
                         LUT1 (Prop_lut1_I0_O)        0.045     1.194 r  cnt[0]_i_2/O
                         net (fo=1, unplaced)         0.000     1.194    plusOp[0]
                         CARRY4 (Prop_carry4_S[0]_O[0])
                                                      0.070     1.264 r  cnt_reg[0]_i_1/O[0]
                         net (fo=1, unplaced)         0.000     1.264    cnt_reg[0]_i_1_n_7
                         FDCE                                         r  cnt_reg[0]/D
  -------------------------------------------------------------------    -------------------

                         (clock sys_clk_50m rise edge)
                                                      0.000     0.000 r  
    U18                                               0.000     0.000 r  sys_clk_50m (IN)
                         net (fo=0)                   0.000     0.000    sys_clk_50m
    U18                  IBUF (Prop_ibuf_I_O)         0.454     0.454 r  sys_clk_50m_IBUF_inst/O
                         net (fo=1, unplaced)         0.337     0.791    dds_clk_out_OBUF
                         BUFG (Prop_bufg_I_O)         0.029     0.820 r  dds_clk_out_OBUF_BUFG_inst/O
                         net (fo=29, unplaced)        0.337     1.157    dds_clk_out_OBUF_BUFG
                         FDCE                                         r  cnt_reg[0]/C
                         clock pessimism             -0.208     0.949    
                         FDCE (Hold_fdce_C_D)         0.113     1.062    cnt_reg[0]
  -------------------------------------------------------------------
                         required time                         -1.062    
                         arrival time                           1.264    
  -------------------------------------------------------------------
                         slack                                  0.201    





Pulse Width Checks
--------------------------------------------------------------------------------------
Clock Name:         sys_clk_50m
Waveform(ns):       { 0.000 10.000 }
Period(ns):         20.000
Sources:            { sys_clk_50m }

Check Type        Corner  Lib Pin  Reference Pin  Required(ns)  Actual(ns)  Slack(ns)  Location  Pin
Min Period        n/a     BUFG/I   n/a            1.592         20.000      18.408               dds_clk_out_OBUF_BUFG_inst/I
Low Pulse Width   Slow    FDCE/C   n/a            0.500         10.000      9.500                cnt_reg[0]/C
High Pulse Width  Slow    FDCE/C   n/a            0.500         10.000      9.500                cnt_reg[0]/C



---------------------------------------------------------------------------------------------------
Path Group:  **async_default**
From Clock:  sys_clk_50m
  To Clock:  sys_clk_50m

Setup :            0  Failing Endpoints,  Worst Slack       18.678ns,  Total Violation        0.000ns
Hold  :            0  Failing Endpoints,  Worst Slack        0.307ns,  Total Violation        0.000ns
---------------------------------------------------------------------------------------------------


Max Delay Paths
--------------------------------------------------------------------------------------
Slack (MET) :             18.678ns  (required time - arrival time)
  Source:                 rst_sync_reg/C
                            (rising edge-triggered cell FDPE clocked by sys_clk_50m  {rise@0.000ns fall@10.000ns period=20.000ns})
  Destination:            cnt_reg[0]/CLR
                            (recovery check against rising-edge clock sys_clk_50m  {rise@0.000ns fall@10.000ns period=20.000ns})
  Path Group:             **async_default**
  Path Type:              Recovery (Max at Slow Process Corner)
  Requirement:            20.000ns  (sys_clk_50m rise@20.000ns - sys_clk_50m rise@0.000ns)
  Data Path Delay:        0.728ns  (logic 0.397ns (54.533%)  route 0.331ns (45.467%))
  Logic Levels:           0  
  Clock Path Skew:        -0.145ns (DCD - SCD + CPR)
    Destination Clock Delay (DCD):    2.554ns = ( 22.554 - 20.000 ) 
    Source Clock Delay      (SCD):    2.806ns
    Clock Pessimism Removal (CPR):    0.106ns
  Clock Uncertainty:      0.035ns  ((TSJ^2 + TIJ^2)^1/2 + DJ) / 2 + PE
    Total System Jitter     (TSJ):    0.071ns
    Total Input Jitter      (TIJ):    0.000ns
    Discrete Jitter          (DJ):    0.000ns
    Phase Error              (PE):    0.000ns

    Location             Delay type                Incr(ns)  Path(ns)    Netlist Resource(s)
  -------------------------------------------------------------------    -------------------
                         (clock sys_clk_50m rise edge)
                                                      0.000     0.000 r  
    U18                                               0.000     0.000 r  sys_clk_50m (IN)
                         net (fo=0)                   0.000     0.000    sys_clk_50m
    U18                  IBUF (Prop_ibuf_I_O)         1.429     1.429 r  sys_clk_50m_IBUF_inst/O
                         net (fo=1, unplaced)         0.646     2.075    dds_clk_out_OBUF
                         BUFG (Prop_bufg_I_O)         0.085     2.160 r  dds_clk_out_OBUF_BUFG_inst/O
                         net (fo=29, unplaced)        0.646     2.806    dds_clk_out_OBUF_BUFG
                         FDPE                                         r  rst_sync_reg/C
  -------------------------------------------------------------------    -------------------
                         FDPE (Prop_fdpe_C_Q)         0.397     3.203 f  rst_sync_reg/Q
                         net (fo=27, unplaced)        0.331     3.534    rst_sync
                         FDCE                                         f  cnt_reg[0]/CLR
  -------------------------------------------------------------------    -------------------

                         (clock sys_clk_50m rise edge)
                                                     20.000    20.000 r  
    U18                                               0.000    20.000 r  sys_clk_50m (IN)
                         net (fo=0)                   0.000    20.000    sys_clk_50m
    U18                  IBUF (Prop_ibuf_I_O)         1.363    21.363 r  sys_clk_50m_IBUF_inst/O
                         net (fo=1, unplaced)         0.613    21.977    dds_clk_out_OBUF
                         BUFG (Prop_bufg_I_O)         0.077    22.054 r  dds_clk_out_OBUF_BUFG_inst/O
                         net (fo=29, unplaced)        0.501    22.554    dds_clk_out_OBUF_BUFG
                         FDCE                                         r  cnt_reg[0]/C
                         clock pessimism              0.106    22.661    
                         clock uncertainty           -0.035    22.625    
                         FDCE (Recov_fdce_C_CLR)     -0.414    22.211    cnt_reg[0]
  -------------------------------------------------------------------
                         required time                         22.211    
                         arrival time                          -3.534    
  -------------------------------------------------------------------
                         slack                                 18.678    





Min Delay Paths
--------------------------------------------------------------------------------------
Slack (MET) :             0.307ns  (arrival time - required time)
  Source:                 rst_sync_reg/C
                            (rising edge-triggered cell FDPE clocked by sys_clk_50m  {rise@0.000ns fall@10.000ns period=20.000ns})
  Destination:            cnt_reg[0]/CLR
                            (removal check against rising-edge clock sys_clk_50m  {rise@0.000ns fall@10.000ns period=20.000ns})
  Path Group:             **async_default**
  Path Type:              Removal (Min at Fast Process Corner)
  Requirement:            0.000ns  (sys_clk_50m rise@0.000ns - sys_clk_50m rise@0.000ns)
  Data Path Delay:        0.311ns  (logic 0.147ns (47.245%)  route 0.164ns (52.755%))
  Logic Levels:           0  
  Clock Path Skew:        0.145ns (DCD - SCD - CPR)
    Destination Clock Delay (DCD):    1.157ns
    Source Clock Delay      (SCD):    0.804ns
    Clock Pessimism Removal (CPR):    0.208ns

    Location             Delay type                Incr(ns)  Path(ns)    Netlist Resource(s)
  -------------------------------------------------------------------    -------------------
                         (clock sys_clk_50m rise edge)
                                                      0.000     0.000 r  
    U18                                               0.000     0.000 r  sys_clk_50m (IN)
                         net (fo=0)                   0.000     0.000    sys_clk_50m
    U18                  IBUF (Prop_ibuf_I_O)         0.266     0.266 r  sys_clk_50m_IBUF_inst/O
                         net (fo=1, unplaced)         0.320     0.586    dds_clk_out_OBUF
                         BUFG (Prop_bufg_I_O)         0.026     0.612 r  dds_clk_out_OBUF_BUFG_inst/O
                         net (fo=29, unplaced)        0.192     0.804    dds_clk_out_OBUF_BUFG
                         FDPE                                         r  rst_sync_reg/C
  -------------------------------------------------------------------    -------------------
                         FDPE (Prop_fdpe_C_Q)         0.147     0.951 f  rst_sync_reg/Q
                         net (fo=27, unplaced)        0.164     1.115    rst_sync
                         FDCE                                         f  cnt_reg[0]/CLR
  -------------------------------------------------------------------    -------------------

                         (clock sys_clk_50m rise edge)
                                                      0.000     0.000 r  
    U18                                               0.000     0.000 r  sys_clk_50m (IN)
                         net (fo=0)                   0.000     0.000    sys_clk_50m
    U18                  IBUF (Prop_ibuf_I_O)         0.454     0.454 r  sys_clk_50m_IBUF_inst/O
                         net (fo=1, unplaced)         0.337     0.791    dds_clk_out_OBUF
                         BUFG (Prop_bufg_I_O)         0.029     0.820 r  dds_clk_out_OBUF_BUFG_inst/O
                         net (fo=29, unplaced)        0.337     1.157    dds_clk_out_OBUF_BUFG
                         FDCE                                         r  cnt_reg[0]/C
                         clock pessimism             -0.208     0.949    
                         FDCE (Remov_fdce_C_CLR)     -0.141     0.808    cnt_reg[0]
  -------------------------------------------------------------------
                         required time                         -0.808    
                         arrival time                           1.115    
  -------------------------------------------------------------------
                         slack                                  0.307    





